188.227.10.36 - - [18/Jan/2021:08:24:11 +0100] "GET /apache-log/access.log 200 18286108 "-" "Mozilla/5.0 (Windows NT 10.0; Win64; x64) AppleWebKit/537.36 (KHTML, like Gecko) Chrome/87.0.4280.141 Safari/537.36" "-"
193.106.31.130 - - [18/Jan/2021:09:50:13 +0100] "POST /administrator/index.php 200 4481 "-" "Mozilla/4.0 (compatible; MSIE 7.0; Windows NT 6.0)" "-"
193.106.31.130 - - [18/Jan/2021:09:50:23 +0100] "POST /administrator/index.php 200 4481 "-" "Mozilla/4.0 (compatible; MSIE 7.0; Windows NT 6.0)" "-"
193.106.31.130 - - [18/Jan/2021:09:50:29 +0100] "POST /administrator/index.php 200 4481 "-" "Mozilla/4.0 (compatible; MSIE 7.0; Windows NT 6.0)" "-"
193.106.31.130 - - [18/Jan/2021:09:50:37 +0100] "POST /administrator/index.php 200 4481 "-" "Mozilla/4.0 (compatible; MSIE 7.0; Windows NT 6.0)" "-"
95.55.158.13 - - [18/Jan/2021:11:21:55 +0100] "GET /apache-log/access.log 200 18338588 "-" "Wget/1.21" "-"
213.98.115.12 - - [18/Jan/2021:11:37:51 +0100] "GET /images/phocagallery/almhuette/thumbs/phoca_thumb_m_aussicht.jpg 200 3555 "http://www.almhuette-raith.at/index.php?option=com_phocagallery&view=category&id=1&Itemid=53" "Mozilla/5.0 (X11; Ubuntu; Linux x86_64; rv:84.0) Gecko/20100101 Firefox/84.0" "-"
77.119.131.0 - - [18/Jan/2021:13:21:31 +0100] "GET /images/phocagallery/almhuette/thumbs/phoca_thumb_l_almhuette_raith_012.jpg 200 55953 "http://www.almhuette-raith.at/index.php?option=com_phocagallery&view=category&id=1&Itemid=53" "Mozilla/5.0 (Linux; Android 10; MAR-LX1A) AppleWebKit/537.36 (KHTML, like Gecko) Chrome/87.0.4280.141 Mobile Safari/537.36" "-"
193.106.31.130 - - [18/Jan/2021:13:22:08 +0100] "POST /administrator/index.php 200 4481 "-" "Mozilla/4.0 (compatible; MSIE 7.0; Windows NT 6.0)" "-"
80.93.255.170 - - [18/Jan/2021:14:13:13 +0100] "GET /templates/jp_hotel/images/logo.jpg 200 369 "http://www.almhuette-raith.at/" "Mozilla/5.0 (Windows NT 10.0; Win64; x64) AppleWebKit/537.36 (KHTML, like Gecko) Chrome/87.0.4280.141 Safari/537.36" "-"
178.44.47.170 - - [18/Jan/2021:15:49:00 +0100] "GET /apache-log/access.log 206 185155 "-" "python-requests/2.25.1" "-"
178.44.47.170 - - [18/Jan/2021:15:59:26 +0100] "GET /apache-log/access.log 206 185285 "-" "python-requests/2.25.1" "-"
178.44.47.170 - - [18/Jan/2021:16:05:14 +0100] "GET /apache-log/access.log 206 185422 "-" "python-requests/2.25.1" "-"
178.44.47.170 - - [18/Jan/2021:16:06:16 +0100] "GET /apache-log/access.log 206 185422 "-" "python-requests/2.25.1" "-"
45.89.174.72 - - [18/Jan/2021:16:25:29 +0100] "POST /administrator/index.php 200 4481 "-" "Mozilla/5.0 (Windows NT 6.1) AppleWebKit/537.36 (KHTML, like Gecko) Chrome/45.0.2454.85 Safari/537.36 OPR/32.0.1948.45" "-"
45.89.174.72 - - [18/Jan/2021:16:25:30 +0100] "POST /administrator/index.php 200 4481 "-" "Mozilla/5.0 (Windows NT 6.1) AppleWebKit/537.36 (KHTML, like Gecko) Chrome/45.0.2454.85 Safari/537.36 OPR/32.0.1948.45" "-"
193.106.31.130 - - [18/Jan/2021:16:51:13 +0100] "POST /administrator/index.php 200 4481 "-" "Mozilla/4.0 (compatible; MSIE 7.0; Windows NT 6.0)" "-"
193.106.31.130 - - [18/Jan/2021:16:51:19 +0100] "POST /administrator/index.php 200 4481 "-" "Mozilla/4.0 (compatible; MSIE 7.0; Windows NT 6.0)" "-"
193.106.31.130 - - [18/Jan/2021:16:51:35 +0100] "POST /administrator/index.php 200 4481 "-" "Mozilla/4.0 (compatible; MSIE 7.0; Windows NT 6.0)" "-"
193.106.31.130 - - [18/Jan/2021:16:51:46 +0100] "POST /administrator/index.php 200 4481 "-" "Mozilla/4.0 (compatible; MSIE 7.0; Windows NT 6.0)" "-"
178.44.47.170 - - [18/Jan/2021:17:28:05 +0100] "GET /apache-log/access.log 206 186217 "-" "python-requests/2.25.1" "-"
178.44.47.170 - - [18/Jan/2021:18:50:58 +0100] "GET /apache-log/access.log 206 186476 "-" "python-requests/2.25.1" "-"
178.44.47.170 - - [18/Jan/2021:18:56:31 +0100] "GET /apache-log/access.log 206 187103 "-" "python-requests/2.25.1" "-"
178.44.47.170 - - [18/Jan/2021:18:56:52 +0100] "GET /apache-log/access.log 206 187103 "-" "python-requests/2.25.1" "-"
178.44.47.170 - - [18/Jan/2021:18:59:19 +0100] "GET /apache-log/access.log 206 187189 "-" "python-requests/2.25.1" "-"
178.44.47.170 - - [18/Jan/2021:19:02:38 +0100] "GET /apache-log/access.log 206 187456 "-" "python-requests/2.25.1" "-"
178.44.47.170 - - [18/Jan/2021:19:06:39 +0100] "GET /apache-log/access.log 206 187590 "-" "python-requests/2.25.1" "-"
178.44.47.170 - - [18/Jan/2021:19:07:05 +0100] "GET /apache-log/access.log 206 187663 "-" "python-requests/2.25.1" "-"
178.44.47.170 - - [18/Jan/2021:19:08:32 +0100] "GET /apache-log/access.log 206 187801 "-" "python-requests/2.25.1" "-"
178.44.47.170 - - [18/Jan/2021:19:08:58 +0100] "HEAD /apache-log/access.log 200 0 "-" "python-requests/2.25.1" "-"
178.44.47.170 - - [18/Jan/2021:19:15:18 +0100] "GET /apache-log/access.log 206 188212 "-" "python-requests/2.25.1" "-"
178.44.47.170 - - [18/Jan/2021:19:15:27 +0100] "GET /apache-log/access.log 206 188212 "-" "python-requests/2.25.1" "-"
178.44.47.170 - - [18/Jan/2021:19:16:46 +0100] "GET /apache-log/access.log 206 188212 "-" "python-requests/2.25.1" "-"
66.249.93.21 - - [18/Jan/2021:20:02:02 +0100] "GET /apache-log/access.log 200 2849290 "-" "Mozilla/5.0 (X11; Linux x86_64) AppleWebKit/537.36 (KHTML, like Gecko) Chrome/49.0.2623.75 Safari/537.36 Google Favicon" "-"
178.44.47.170 - - [18/Jan/2021:20:15:22 +0100] "GET /apache-log/access.log 206 188379 "-" "python-requests/2.25.1" "-"
178.44.47.170 - - [18/Jan/2021:20:15:49 +0100] "GET /apache-log/access.log 206 188379 "-" "python-requests/2.25.1" "-"
178.44.47.170 - - [18/Jan/2021:20:15:57 +0100] "GET /apache-log/access.log 206 188379 "-" "python-requests/2.25.1" "-"
178.44.47.170 - - [18/Jan/2021:20:15:58 +0100] "GET /apache-log/access.log 206 188379 "-" "python-requests/2.25.1" "-"
178.44.47.170 - - [18/Jan/2021:20:17:41 +0100] "GET /apache-log/access.log 206 188510 "-" "python-requests/2.25.1" "-"
178.44.47.170 - - [18/Jan/2021:20:18:08 +0100] "GET /apache-log/access.log 206 188525 "-" "python-requests/2.25.1" "-"
178.44.47.170 - - [18/Jan/2021:20:18:22 +0100] "GET /apache-log/access.log 206 188510 "-" "python-requests/2.25.1" "-"
193.106.31.130 - - [18/Jan/2021:20:28:52 +0100] "POST /administrator/index.php 200 4481 "-" "Mozilla/4.0 (compatible; MSIE 7.0; Windows NT 6.0)" "-"
162.214.101.177 - - [18/Jan/2021:23:44:35 +0100] "GET /administrator/index.php 200 4263 "-" "Mozilla/5.0 (Windows NT 6.1; WOW64) AppleWebKit/537.36 (KHTML, like Gecko) Chrome/36.0.1985.125 Safari/537.36" "-"
193.106.31.130 - - [19/Jan/2021:00:07:38 +0100] "POST /administrator/index.php 200 4481 "-" "Mozilla/4.0 (compatible; MSIE 7.0; Windows NT 6.0)" "-"
193.106.31.130 - - [19/Jan/2021:00:07:40 +0100] "POST /administrator/index.php 200 4481 "-" "Mozilla/4.0 (compatible; MSIE 7.0; Windows NT 6.0)" "-"
193.106.31.130 - - [19/Jan/2021:00:08:00 +0100] "POST /administrator/index.php 200 4481 "-" "Mozilla/4.0 (compatible; MSIE 7.0; Windows NT 6.0)" "-"
193.106.31.130 - - [19/Jan/2021:03:40:54 +0100] "POST /administrator/index.php 200 4481 "-" "Mozilla/4.0 (compatible; MSIE 7.0; Windows NT 6.0)" "-"
193.106.31.130 - - [19/Jan/2021:03:40:58 +0100] "POST /administrator/index.php 200 4481 "-" "Mozilla/4.0 (compatible; MSIE 7.0; Windows NT 6.0)" "-"
193.106.31.130 - - [19/Jan/2021:03:41:03 +0100] "POST /administrator/index.php 200 4481 "-" "Mozilla/4.0 (compatible; MSIE 7.0; Windows NT 6.0)" "-"
91.115.219.147 - - [19/Jan/2021:06:35:03 +0100] "GET /templates/jp_hotel/css/template.css 200 10004 "http://almhuette-raith.at/" "Mozilla/5.0 (iPhone; CPU iPhone OS 14_2 like Mac OS X) AppleWebKit/605.1.15 (KHTML, like Gecko) Version/14.0.1 Mobile/15E148 Safari/604.1" "-"
193.106.31.130 - - [19/Jan/2021:07:14:45 +0100] "POST /administrator/index.php 200 4481 "-" "Mozilla/4.0 (compatible; MSIE 7.0; Windows NT 6.0)" "-"
193.106.31.130 - - [19/Jan/2021:07:15:01 +0100] "POST /administrator/index.php 200 4481 "-" "Mozilla/4.0 (compatible; MSIE 7.0; Windows NT 6.0)" "-"
94.241.200.191 - - [19/Jan/2021:07:16:47 +0100] "GET /apache-log/access.log 206 190830 "-" "python-requests/2.25.1" "-"
94.241.200.191 - - [19/Jan/2021:07:17:14 +0100] "GET /apache-log/access.log 206 190830 "-" "python-requests/2.25.1" "-"
193.106.31.130 - - [19/Jan/2021:10:48:46 +0100] "POST /administrator/index.php 200 4481 "-" "Mozilla/4.0 (compatible; MSIE 7.0; Windows NT 6.0)" "-"
193.106.31.130 - - [19/Jan/2021:10:48:53 +0100] "POST /administrator/index.php 200 4481 "-" "Mozilla/4.0 (compatible; MSIE 7.0; Windows NT 6.0)" "-"
81.151.2.175 - - [19/Jan/2021:11:07:07 +0100] "GET /modules/mod_bowslideshow/tmpl/js/sliderman.1.3.0.js 200 33472 "http://www.almhuette-raith.at/" "Mozilla/5.0 (Windows NT 10.0; Win64; x64) AppleWebKit/537.36 (KHTML, like Gecko) Chrome/87.0.4280.141 Safari/537.36" "-"
193.106.31.130 - - [19/Jan/2021:14:24:25 +0100] "POST /administrator/index.php 200 4481 "-" "Mozilla/4.0 (compatible; MSIE 7.0; Windows NT 6.0)" "-"
193.106.31.130 - - [19/Jan/2021:17:59:48 +0100] "POST /administrator/index.php 200 4481 "-" "Mozilla/4.0 (compatible; MSIE 7.0; Windows NT 6.0)" "-"
193.106.31.130 - - [19/Jan/2021:18:00:03 +0100] "POST /administrator/index.php 200 4481 "-" "Mozilla/4.0 (compatible; MSIE 7.0; Windows NT 6.0)" "-"
94.19.195.216 - - [19/Jan/2021:21:27:55 +0100] "GET /apache-log/access.log 200 19277015 "-" "Wget/1.14 (linux-gnu)" "-"
193.106.31.130 - - [19/Jan/2021:21:37:20 +0100] "POST /administrator/index.php 200 4481 "-" "Mozilla/4.0 (compatible; MSIE 7.0; Windows NT 6.0)" "-"
193.106.31.130 - - [19/Jan/2021:21:37:20 +0100] "POST /administrator/index.php 200 4481 "-" "Mozilla/4.0 (compatible; MSIE 7.0; Windows NT 6.0)" "-"
193.106.31.130 - - [19/Jan/2021:21:37:28 +0100] "POST /administrator/index.php 200 4481 "-" "Mozilla/4.0 (compatible; MSIE 7.0; Windows NT 6.0)" "-"
193.106.31.130 - - [19/Jan/2021:21:37:49 +0100] "POST /administrator/index.php 200 4481 "-" "Mozilla/4.0 (compatible; MSIE 7.0; Windows NT 6.0)" "-"
193.106.31.130 - - [20/Jan/2021:08:17:22 +0100] "POST /administrator/index.php 200 4481 "-" "Mozilla/4.0 (compatible; MSIE 7.0; Windows NT 6.0)" "-"
193.106.31.130 - - [20/Jan/2021:08:17:25 +0100] "POST /administrator/index.php 200 4481 "-" "Mozilla/4.0 (compatible; MSIE 7.0; Windows NT 6.0)" "-"
193.106.31.130 - - [20/Jan/2021:08:17:41 +0100] "POST /administrator/index.php 200 4481 "-" "Mozilla/4.0 (compatible; MSIE 7.0; Windows NT 6.0)" "-"
95.25.120.110 - - [20/Jan/2021:09:47:45 +0100] "GET /images/phocagallery/almhuette/thumbs/phoca_thumb_m_jaegerzaun_gr.jpg 200 5649 "http://www.almhuette-raith.at/index.php?option=com_phocagallery&view=category&id=1&Itemid=53" "Mozilla/5.0 (Macintosh; Intel Mac OS X 11_1_0) AppleWebKit/537.36 (KHTML, like Gecko) Chrome/87.0.4280.141 Safari/537.36" "-"
176.59.98.17 - - [20/Jan/2021:10:02:46 +0100] "GET /templates/jp_hotel/js/moomenu.js 200 4890 "http://www.almhuette-raith.at/" "Mozilla/5.0 (X11; Linux x86_64) AppleWebKit/537.36 (KHTML, like Gecko) Chrome/87.0.4280.141 Safari/537.36" "-"
193.106.31.130 - - [20/Jan/2021:11:52:54 +0100] "POST /administrator/index.php 200 4481 "-" "Mozilla/4.0 (compatible; MSIE 7.0; Windows NT 6.0)" "-"
193.106.31.130 - - [20/Jan/2021:11:52:54 +0100] "POST /administrator/index.php 200 4481 "-" "Mozilla/4.0 (compatible; MSIE 7.0; Windows NT 6.0)" "-"
193.106.31.130 - - [20/Jan/2021:11:53:05 +0100] "POST /administrator/index.php 200 4481 "-" "Mozilla/4.0 (compatible; MSIE 7.0; Windows NT 6.0)" "-"
129.27.100.110 - - [20/Jan/2021:14:59:33 +0100] "GET /templates/_system/css/general.css 404 239 "http://www.almhuette-raith.at/index.php?option=com_content&view=article&id=50&Itemid=56" "Mozilla/5.0 (Windows NT 10.0; Win64; x64; rv:84.0) Gecko/20100101 Firefox/84.0" "-"
193.106.31.130 - - [20/Jan/2021:15:34:23 +0100] "POST /administrator/index.php 200 4481 "-" "Mozilla/4.0 (compatible; MSIE 7.0; Windows NT 6.0)" "-"
85.25.177.139 - - [20/Jan/2021:18:31:08 +0100] "GET /images/stories/raith/steiermark_herz.png 200 39683 "-" "Mozilla/5.0 (compatible; adscanner/)/1.0 (Mozilla/5.0 (compatible; seoscanners.net/1.0; +spider@seoscanners.net); http://seoscanners.net; spider@seoscanners.net)" "-"
193.106.31.130 - - [20/Jan/2021:19:08:53 +0100] "POST /administrator/index.php 200 4481 "-" "Mozilla/4.0 (compatible; MSIE 7.0; Windows NT 6.0)" "-"
193.106.31.130 - - [20/Jan/2021:19:08:58 +0100] "POST /administrator/index.php 200 4481 "-" "Mozilla/4.0 (compatible; MSIE 7.0; Windows NT 6.0)" "-"
193.106.31.130 - - [20/Jan/2021:19:09:10 +0100] "POST /administrator/index.php 200 4481 "-" "Mozilla/4.0 (compatible; MSIE 7.0; Windows NT 6.0)" "-"
193.106.31.130 - - [20/Jan/2021:19:09:15 +0100] "POST /administrator/index.php 200 4481 "-" "Mozilla/4.0 (compatible; MSIE 7.0; Windows NT 6.0)" "-"
193.106.31.130 - - [20/Jan/2021:22:46:41 +0100] "POST /administrator/index.php 200 4481 "-" "Mozilla/4.0 (compatible; MSIE 7.0; Windows NT 6.0)" "-"
109.127.18.197 - - [21/Jan/2021:00:55:58 +0100] "GET /templates/jp_hotel/images/logo.jpg 200 369 "http://www.almhuette-raith.at/" "Mozilla/5.0 (Windows NT 10.0; Win64; x64) AppleWebKit/537.36 (KHTML, like Gecko) Chrome/87.0.4280.141 Safari/537.36" "-"
207.46.13.210 - - [21/Jan/2021:01:13:08 +0100] "GET /robots.txt 200 304 "-" "Mozilla/5.0 (compatible; bingbot/2.0; +http://www.bing.com/bingbot.htm)" "-"
193.106.31.130 - - [21/Jan/2021:02:17:23 +0100] "POST /administrator/index.php 200 4481 "-" "Mozilla/4.0 (compatible; MSIE 7.0; Windows NT 6.0)" "-"
193.106.31.130 - - [21/Jan/2021:05:51:13 +0100] "POST /administrator/index.php 200 4481 "-" "Mozilla/4.0 (compatible; MSIE 7.0; Windows NT 6.0)" "-"
193.106.31.130 - - [21/Jan/2021:05:51:19 +0100] "POST /administrator/index.php 200 4481 "-" "Mozilla/4.0 (compatible; MSIE 7.0; Windows NT 6.0)" "-"
193.106.31.130 - - [21/Jan/2021:05:51:31 +0100] "POST /administrator/index.php 200 4481 "-" "Mozilla/4.0 (compatible; MSIE 7.0; Windows NT 6.0)" "-"
193.106.31.130 - - [21/Jan/2021:09:22:16 +0100] "POST /administrator/index.php 200 4481 "-" "Mozilla/4.0 (compatible; MSIE 7.0; Windows NT 6.0)" "-"
62.138.2.160 - - [21/Jan/2021:10:14:51 +0100] "GET /images/phocagallery/thumbs/phoca_thumb_m_winterfoto%201.jpg 200 3693 "-" "Mozilla/5.0 (compatible; adscanner/)/1.0 (Mozilla/5.0 (compatible; seoscanners.net/1.0; +spider@seoscanners.net); http://seoscanners.net; spider@seoscanners.net)" "-"
94.19.195.216 - - [21/Jan/2021:12:20:25 +0100] "GET /modules/mod_bowslideshow/tmpl/js/sliderman.1.3.0.js 200 33472 "http://www.almhuette-raith.at/" "Mozilla/5.0 (Macintosh; Intel Mac OS X 10_15_3) AppleWebKit/605.1.15 (KHTML, like Gecko) Version/13.0.5 Safari/605.1.15" "-"
193.106.31.130 - - [21/Jan/2021:12:52:55 +0100] "POST /administrator/index.php 200 4481 "-" "Mozilla/4.0 (compatible; MSIE 7.0; Windows NT 6.0)" "-"
193.106.31.130 - - [21/Jan/2021:12:53:02 +0100] "POST /administrator/index.php 200 4481 "-" "Mozilla/4.0 (compatible; MSIE 7.0; Windows NT 6.0)" "-"
193.106.31.130 - - [21/Jan/2021:12:53:04 +0100] "POST /administrator/index.php 200 4481 "-" "Mozilla/4.0 (compatible; MSIE 7.0; Windows NT 6.0)" "-"
193.106.31.130 - - [21/Jan/2021:12:53:05 +0100] "POST /administrator/index.php 200 4481 "-" "Mozilla/4.0 (compatible; MSIE 7.0; Windows NT 6.0)" "-"
193.106.31.130 - - [21/Jan/2021:12:53:22 +0100] "POST /administrator/index.php 200 4481 "-" "Mozilla/4.0 (compatible; MSIE 7.0; Windows NT 6.0)" "-"
34.93.66.5 - - [21/Jan/2021:13:00:03 +0100] "GET /favicon.ico 404 217 "http://www.almhuette-raith.at/apache-log/access.log" "Mozilla/5.0 (Windows NT 10.0; Win64; x64) AppleWebKit/537.36 (KHTML, like Gecko) Chrome/87.0.4280.141 Safari/537.36" "-"
193.106.31.130 - - [21/Jan/2021:21:17:57 +0100] "POST /administrator/index.php 200 4481 "-" "Mozilla/4.0 (compatible; MSIE 7.0; Windows NT 6.0)" "-"
193.106.31.130 - - [21/Jan/2021:21:18:09 +0100] "POST /administrator/index.php 200 4481 "-" "Mozilla/4.0 (compatible; MSIE 7.0; Windows NT 6.0)" "-"
85.25.210.23 - - [21/Jan/2021:23:22:20 +0100] "GET /images/stories/raith/wohnung_2_web.jpg 200 87352 "-" "Mozilla/5.0 (compatible; adscanner/)/1.0 (Mozilla/5.0 (compatible; seoscanners.net/1.0; +spider@seoscanners.net); http://seoscanners.net; spider@seoscanners.net)" "-"
193.106.31.130 - - [22/Jan/2021:00:47:32 +0100] "POST /administrator/index.php 200 4481 "-" "Mozilla/4.0 (compatible; MSIE 7.0; Windows NT 6.0)" "-"
99.42.33.227 - - [22/Jan/2021:03:35:49 +0100] "GET /components/com_phocagallery/assets/js/shadowbox/src/player/shadowbox-img.js 200 8324 "http://www.almhuette-raith.at/index.php?option=com_phocagallery&view=category&id=1&Itemid=53" "Mozilla/5.0 (Macintosh; Intel Mac OS X 10_15_7) AppleWebKit/537.36 (KHTML, like Gecko) Chrome/88.0.4324.96 Safari/537.36" "-"
193.106.31.130 - - [22/Jan/2021:04:18:52 +0100] "POST /administrator/index.php 200 4481 "-" "Mozilla/4.0 (compatible; MSIE 7.0; Windows NT 6.0)" "-"
193.106.31.130 - - [22/Jan/2021:04:19:10 +0100] "POST /administrator/index.php 200 4481 "-" "Mozilla/4.0 (compatible; MSIE 7.0; Windows NT 6.0)" "-"
193.106.31.130 - - [22/Jan/2021:04:19:18 +0100] "POST /administrator/index.php 200 4481 "-" "Mozilla/4.0 (compatible; MSIE 7.0; Windows NT 6.0)" "-"
193.106.31.130 - - [22/Jan/2021:07:50:26 +0100] "POST /administrator/index.php 200 4481 "-" "Mozilla/4.0 (compatible; MSIE 7.0; Windows NT 6.0)" "-"
129.27.100.110 - - [22/Jan/2021:08:46:10 +0100] "GET /images/phocagallery/Ferienwohnung_2/thumbs/phoca_thumb_m_2_wohnkche.jpg 200 3141 "http://www.almhuette-raith.at/index.php?option=com_phocagallery&view=category&id=4:ferienwohnung2&Itemid=53" "Mozilla/5.0 (Windows NT 10.0; Win64; x64; rv:84.0) Gecko/20100101 Firefox/84.0" "-"
193.106.31.130 - - [22/Jan/2021:14:51:32 +0100] "POST /administrator/index.php 200 4481 "-" "Mozilla/4.0 (compatible; MSIE 7.0; Windows NT 6.0)" "-"
193.106.31.130 - - [22/Jan/2021:18:25:22 +0100] "POST /administrator/index.php 200 4481 "-" "Mozilla/4.0 (compatible; MSIE 7.0; Windows NT 6.0)" "-"
193.106.31.130 - - [22/Jan/2021:18:25:26 +0100] "POST /administrator/index.php 200 4481 "-" "Mozilla/4.0 (compatible; MSIE 7.0; Windows NT 6.0)" "-"
193.106.31.130 - - [22/Jan/2021:18:25:36 +0100] "POST /administrator/index.php 200 4481 "-" "Mozilla/4.0 (compatible; MSIE 7.0; Windows NT 6.0)" "-"
193.106.31.130 - - [22/Jan/2021:18:25:48 +0100] "POST /administrator/index.php 200 4481 "-" "Mozilla/4.0 (compatible; MSIE 7.0; Windows NT 6.0)" "-"
193.106.31.130 - - [23/Jan/2021:01:31:14 +0100] "POST /administrator/index.php 200 4481 "-" "Mozilla/4.0 (compatible; MSIE 7.0; Windows NT 6.0)" "-"
193.106.31.130 - - [23/Jan/2021:01:31:23 +0100] "POST /administrator/index.php 200 4481 "-" "Mozilla/4.0 (compatible; MSIE 7.0; Windows NT 6.0)" "-"
193.106.31.130 - - [23/Jan/2021:01:31:24 +0100] "POST /administrator/index.php 200 4481 "-" "Mozilla/4.0 (compatible; MSIE 7.0; Windows NT 6.0)" "-"
193.106.31.130 - - [23/Jan/2021:01:31:35 +0100] "POST /administrator/index.php 200 4481 "-" "Mozilla/4.0 (compatible; MSIE 7.0; Windows NT 6.0)" "-"
193.106.31.130 - - [23/Jan/2021:01:31:39 +0100] "POST /administrator/index.php 200 4481 "-" "Mozilla/4.0 (compatible; MSIE 7.0; Windows NT 6.0)" "-"
186.202.161.42 - - [23/Jan/2021:04:39:43 +0100] "GET /wp-content/plugins/wordfence/modules/login-security/classes/model/wp-pingg.php 404 284 "http://simplesite.com" "Mozilla/5.0 (Windows; U; Windows NT 5.1; en-US) AppleWebKit/533.4 (KHTML, like Gecko) Chrome/5.0.375.99 Safari/533.4" "-"
193.106.31.130 - - [23/Jan/2021:05:02:56 +0100] "POST /administrator/index.php 200 4481 "-" "Mozilla/4.0 (compatible; MSIE 7.0; Windows NT 6.0)" "-"
193.106.31.130 - - [23/Jan/2021:05:03:04 +0100] "POST /administrator/index.php 200 4481 "-" "Mozilla/4.0 (compatible; MSIE 7.0; Windows NT 6.0)" "-"
193.106.31.130 - - [23/Jan/2021:05:03:21 +0100] "POST /administrator/index.php 200 4481 "-" "Mozilla/4.0 (compatible; MSIE 7.0; Windows NT 6.0)" "-"
193.106.31.130 - - [23/Jan/2021:08:35:31 +0100] "POST /administrator/index.php 200 4481 "-" "Mozilla/4.0 (compatible; MSIE 7.0; Windows NT 6.0)" "-"
84.175.254.26 - - [23/Jan/2021:11:34:57 +0100] "GET /templates/jp_hotel/js/moomenu.js 200 4890 "http://www.almhuette-raith.at/" "Mozilla/5.0 (Windows NT 10.0; Win64; x64) AppleWebKit/537.36 (KHTML, like Gecko) Chrome/88.0.4324.104 Safari/537.36" "-"
193.106.31.130 - - [23/Jan/2021:12:04:26 +0100] "POST /administrator/index.php 200 4481 "-" "Mozilla/4.0 (compatible; MSIE 7.0; Windows NT 6.0)" "-"
193.106.31.130 - - [23/Jan/2021:12:04:28 +0100] "POST /administrator/index.php 200 4481 "-" "Mozilla/4.0 (compatible; MSIE 7.0; Windows NT 6.0)" "-"
193.106.31.130 - - [23/Jan/2021:15:34:19 +0100] "POST /administrator/index.php 200 4481 "-" "Mozilla/4.0 (compatible; MSIE 7.0; Windows NT 6.0)" "-"
193.106.31.130 - - [23/Jan/2021:15:34:23 +0100] "POST /administrator/index.php 200 4481 "-" "Mozilla/4.0 (compatible; MSIE 7.0; Windows NT 6.0)" "-"
193.106.31.130 - - [23/Jan/2021:15:34:33 +0100] "POST /administrator/index.php 200 4481 "-" "Mozilla/4.0 (compatible; MSIE 7.0; Windows NT 6.0)" "-"
193.106.31.130 - - [23/Jan/2021:15:34:44 +0100] "POST /administrator/index.php 200 4481 "-" "Mozilla/4.0 (compatible; MSIE 7.0; Windows NT 6.0)" "-"
193.106.31.130 - - [23/Jan/2021:15:34:45 +0100] "POST /administrator/index.php 200 4481 "-" "Mozilla/4.0 (compatible; MSIE 7.0; Windows NT 6.0)" "-"
157.34.30.195 - - [23/Jan/2021:16:28:43 +0100] "GET /apache-log/access.log 200 20897981 "-" "Wget/1.20.3 (linux-gnu)" "-"
46.125.250.101 - - [23/Jan/2021:17:56:23 +0100] "GET /images/stories/raith/almhuette_raith.jpg 200 43300 "http://www.almhuette-raith.at/" "Mozilla/5.0 (Macintosh; Intel Mac OS X 10_15_7) AppleWebKit/605.1.15 (KHTML, like Gecko) Version/14.0.1 Safari/605.1.15" "-"
193.106.31.130 - - [23/Jan/2021:19:06:14 +0100] "POST /administrator/index.php 200 4481 "-" "Mozilla/4.0 (compatible; MSIE 7.0; Windows NT 6.0)" "-"
193.106.31.130 - - [23/Jan/2021:19:06:14 +0100] "POST /administrator/index.php 200 4481 "-" "Mozilla/4.0 (compatible; MSIE 7.0; Windows NT 6.0)" "-"
193.106.31.130 - - [23/Jan/2021:19:06:33 +0100] "POST /administrator/index.php 200 4481 "-" "Mozilla/4.0 (compatible; MSIE 7.0; Windows NT 6.0)" "-"
193.106.31.130 - - [23/Jan/2021:19:06:37 +0100] "POST /administrator/index.php 200 4481 "-" "Mozilla/4.0 (compatible; MSIE 7.0; Windows NT 6.0)" "-"
193.106.31.130 - - [23/Jan/2021:19:06:39 +0100] "POST /administrator/index.php 200 4481 "-" "Mozilla/4.0 (compatible; MSIE 7.0; Windows NT 6.0)" "-"
193.106.31.130 - - [23/Jan/2021:19:06:39 +0100] "POST /administrator/index.php 200 4481 "-" "Mozilla/4.0 (compatible; MSIE 7.0; Windows NT 6.0)" "-"
193.106.31.130 - - [23/Jan/2021:22:39:15 +0100] "POST /administrator/index.php 200 4481 "-" "Mozilla/4.0 (compatible; MSIE 7.0; Windows NT 6.0)" "-"
193.106.31.130 - - [23/Jan/2021:22:39:16 +0100] "POST /administrator/index.php 200 4481 "-" "Mozilla/4.0 (compatible; MSIE 7.0; Windows NT 6.0)" "-"
193.106.31.130 - - [23/Jan/2021:22:39:28 +0100] "POST /administrator/index.php 200 4481 "-" "Mozilla/4.0 (compatible; MSIE 7.0; Windows NT 6.0)" "-"
193.106.31.130 - - [23/Jan/2021:22:39:31 +0100] "POST /administrator/index.php 200 4481 "-" "Mozilla/4.0 (compatible; MSIE 7.0; Windows NT 6.0)" "-"
94.130.102.72 - - [24/Jan/2021:01:11:28 +0100] "GET /robots.txt 200 304 "-" "MTRobot/0.2 (Metrics Tools Analytics Crawler; https://metrics-tools.de/robot.html; crawler@metrics-tools.de)" "-"
193.106.31.130 - - [24/Jan/2021:02:09:22 +0100] "POST /administrator/index.php 200 4481 "-" "Mozilla/4.0 (compatible; MSIE 7.0; Windows NT 6.0)" "-"
193.106.31.130 - - [24/Jan/2021:02:09:37 +0100] "POST /administrator/index.php 200 4481 "-" "Mozilla/4.0 (compatible; MSIE 7.0; Windows NT 6.0)" "-"
193.106.31.130 - - [24/Jan/2021:02:09:47 +0100] "POST /administrator/index.php 200 4481 "-" "Mozilla/4.0 (compatible; MSIE 7.0; Windows NT 6.0)" "-"
193.106.31.130 - - [24/Jan/2021:02:09:47 +0100] "POST /administrator/index.php 200 4481 "-" "Mozilla/4.0 (compatible; MSIE 7.0; Windows NT 6.0)" "-"
193.106.31.130 - - [24/Jan/2021:05:44:19 +0100] "POST /administrator/index.php 200 4481 "-" "Mozilla/4.0 (compatible; MSIE 7.0; Windows NT 6.0)" "-"
193.106.31.130 - - [24/Jan/2021:05:44:35 +0100] "POST /administrator/index.php 200 4481 "-" "Mozilla/4.0 (compatible; MSIE 7.0; Windows NT 6.0)" "-"
193.106.31.130 - - [24/Jan/2021:05:44:45 +0100] "POST /administrator/index.php 200 4481 "-" "Mozilla/4.0 (compatible; MSIE 7.0; Windows NT 6.0)" "-"
193.106.31.130 - - [24/Jan/2021:05:44:49 +0100] "POST /administrator/index.php 200 4481 "-" "Mozilla/4.0 (compatible; MSIE 7.0; Windows NT 6.0)" "-"
193.106.31.130 - - [24/Jan/2021:09:16:40 +0100] "POST /administrator/index.php 200 4481 "-" "Mozilla/4.0 (compatible; MSIE 7.0; Windows NT 6.0)" "-"
193.106.31.130 - - [24/Jan/2021:09:16:41 +0100] "POST /administrator/index.php 200 4481 "-" "Mozilla/4.0 (compatible; MSIE 7.0; Windows NT 6.0)" "-"
193.106.31.130 - - [24/Jan/2021:09:16:47 +0100] "POST /administrator/index.php 200 4481 "-" "Mozilla/4.0 (compatible; MSIE 7.0; Windows NT 6.0)" "-"
193.106.31.130 - - [24/Jan/2021:09:17:07 +0100] "POST /administrator/index.php 200 4481 "-" "Mozilla/4.0 (compatible; MSIE 7.0; Windows NT 6.0)" "-"
193.106.31.130 - - [24/Jan/2021:12:45:26 +0100] "POST /administrator/index.php 200 4481 "-" "Mozilla/4.0 (compatible; MSIE 7.0; Windows NT 6.0)" "-"
193.106.31.130 - - [24/Jan/2021:12:45:27 +0100] "POST /administrator/index.php 200 4481 "-" "Mozilla/4.0 (compatible; MSIE 7.0; Windows NT 6.0)" "-"
193.106.31.130 - - [24/Jan/2021:12:45:29 +0100] "POST /administrator/index.php 200 4481 "-" "Mozilla/4.0 (compatible; MSIE 7.0; Windows NT 6.0)" "-"
193.106.31.130 - - [24/Jan/2021:12:45:34 +0100] "POST /administrator/index.php 200 4481 "-" "Mozilla/4.0 (compatible; MSIE 7.0; Windows NT 6.0)" "-"
193.106.31.130 - - [24/Jan/2021:12:45:37 +0100] "POST /administrator/index.php 200 4481 "-" "Mozilla/4.0 (compatible; MSIE 7.0; Windows NT 6.0)" "-"
193.106.31.130 - - [24/Jan/2021:16:16:26 +0100] "POST /administrator/index.php 200 4481 "-" "Mozilla/4.0 (compatible; MSIE 7.0; Windows NT 6.0)" "-"
188.242.215.169 - - [24/Jan/2021:18:18:53 +0100] "GET /templates/jp_hotel/images/module_heading.gif 200 83 "http://www.almhuette-raith.at/templates/jp_hotel/css/template.css" "Mozilla/5.0 (Windows NT 10.0; Win64; x64; rv:84.0) Gecko/20100101 Firefox/84.0" "-"
193.106.31.130 - - [24/Jan/2021:19:53:20 +0100] "POST /administrator/index.php 200 4481 "-" "Mozilla/4.0 (compatible; MSIE 7.0; Windows NT 6.0)" "-"
193.106.31.130 - - [24/Jan/2021:19:53:50 +0100] "POST /administrator/index.php 200 4481 "-" "Mozilla/4.0 (compatible; MSIE 7.0; Windows NT 6.0)" "-"
193.106.31.130 - - [24/Jan/2021:19:53:55 +0100] "POST /administrator/index.php 200 4481 "-" "Mozilla/4.0 (compatible; MSIE 7.0; Windows NT 6.0)" "-"
193.106.31.130 - - [25/Jan/2021:02:54:52 +0100] "POST /administrator/index.php 200 4481 "-" "Mozilla/4.0 (compatible; MSIE 7.0; Windows NT 6.0)" "-"
193.106.31.130 - - [25/Jan/2021:06:26:46 +0100] "POST /administrator/index.php 200 4481 "-" "Mozilla/4.0 (compatible; MSIE 7.0; Windows NT 6.0)" "-"
193.106.31.130 - - [25/Jan/2021:06:27:00 +0100] "POST /administrator/index.php 200 4481 "-" "Mozilla/4.0 (compatible; MSIE 7.0; Windows NT 6.0)" "-"
193.106.31.130 - - [25/Jan/2021:06:27:06 +0100] "POST /administrator/index.php 200 4481 "-" "Mozilla/4.0 (compatible; MSIE 7.0; Windows NT 6.0)" "-"
54.176.188.51 - - [25/Jan/2021:07:02:26 +0100] "GET /wp-login.php 404 218 "-" "Mozilla/5.0 (Windows NT 6.2; WOW64) AppleWebKit/537.36 (KHTML, like Gecko) Chrome/30.0.1599.17 Safari/537.36" "-"
39.128.6.115 - - [25/Jan/2021:09:06:06 +0100] "GET /icons/back.gif 404 220 "http://www.almhuette-raith.at/apache-log/" "Mozilla/5.0 (Windows NT 6.1; Win64; x64) AppleWebKit/537.36 (KHTML, like Gecko) Chrome/87.0.4280.141 Safari/537.36" "-"
193.106.31.130 - - [25/Jan/2021:09:57:27 +0100] "POST /administrator/index.php 200 4481 "-" "Mozilla/4.0 (compatible; MSIE 7.0; Windows NT 6.0)" "-"
193.106.31.130 - - [25/Jan/2021:09:57:28 +0100] "POST /administrator/index.php 200 4481 "-" "Mozilla/4.0 (compatible; MSIE 7.0; Windows NT 6.0)" "-"
193.106.31.130 - - [25/Jan/2021:09:57:31 +0100] "POST /administrator/index.php 200 4481 "-" "Mozilla/4.0 (compatible; MSIE 7.0; Windows NT 6.0)" "-"
193.106.31.130 - - [25/Jan/2021:09:57:45 +0100] "POST /administrator/index.php 200 4481 "-" "Mozilla/4.0 (compatible; MSIE 7.0; Windows NT 6.0)" "-"
193.106.31.130 - - [25/Jan/2021:09:57:51 +0100] "POST /administrator/index.php 200 4481 "-" "Mozilla/4.0 (compatible; MSIE 7.0; Windows NT 6.0)" "-"
193.106.31.130 - - [25/Jan/2021:13:20:12 +0100] "POST /administrator/index.php 200 4481 "-" "Mozilla/4.0 (compatible; MSIE 7.0; Windows NT 6.0)" "-"
85.25.185.103 - - [26/Jan/2021:20:29:23 +0100] "GET /images/phocagallery/almhuette/thumbs/phoca_thumb_l_almhuette_raith_004.jpg 200 63847 "-" "Mozilla/5.0 (compatible; adscanner/)/1.0 (Mozilla/5.0 (compatible; seoscanners.net/1.0; +spider@seoscanners.net); http://seoscanners.net; spider@seoscanners.net)" "-"
193.106.31.130 - - [26/Jan/2021:21:14:12 +0100] "POST /administrator/index.php 200 4481 "-" "Mozilla/4.0 (compatible; MSIE 7.0; Windows NT 6.0)" "-"
193.106.31.130 - - [26/Jan/2021:21:14:18 +0100] "POST /administrator/index.php 200 4481 "-" "Mozilla/4.0 (compatible; MSIE 7.0; Windows NT 6.0)" "-"
193.106.31.130 - - [26/Jan/2021:21:14:21 +0100] "POST /administrator/index.php 200 4481 "-" "Mozilla/4.0 (compatible; MSIE 7.0; Windows NT 6.0)" "-"
62.138.3.52 - - [26/Jan/2021:21:27:32 +0100] "GET /apache-log/access.log 200 7503384 "-" "Mozilla/5.0 (X11; Linux x86_64; rv:81.0) Gecko/20100101 Firefox/81.0" "-"
193.106.31.130 - - [27/Jan/2021:00:40:58 +0100] "POST /administrator/index.php 200 4481 "-" "Mozilla/4.0 (compatible; MSIE 7.0; Windows NT 6.0)" "-"
193.106.31.130 - - [27/Jan/2021:00:41:01 +0100] "POST /administrator/index.php 200 4481 "-" "Mozilla/4.0 (compatible; MSIE 7.0; Windows NT 6.0)" "-"
193.106.31.130 - - [27/Jan/2021:00:41:06 +0100] "POST /administrator/index.php 200 4481 "-" "Mozilla/4.0 (compatible; MSIE 7.0; Windows NT 6.0)" "-"
193.106.31.130 - - [27/Jan/2021:00:41:07 +0100] "POST /administrator/index.php 200 4481 "-" "Mozilla/4.0 (compatible; MSIE 7.0; Windows NT 6.0)" "-"
193.106.31.130 - - [27/Jan/2021:00:41:31 +0100] "POST /administrator/index.php 200 4481 "-" "Mozilla/4.0 (compatible; MSIE 7.0; Windows NT 6.0)" "-"
193.106.31.130 - - [27/Jan/2021:00:41:34 +0100] "POST /administrator/index.php 200 4481 "-" "Mozilla/4.0 (compatible; MSIE 7.0; Windows NT 6.0)" "-"
193.106.31.130 - - [27/Jan/2021:02:13:55 +0100] "POST /administrator/index.php 200 4481 "-" "Mozilla/4.0 (compatible; MSIE 7.0; Windows NT 6.0)" "-"
193.106.31.130 - - [27/Jan/2021:02:13:59 +0100] "POST /administrator/index.php 200 4481 "-" "Mozilla/4.0 (compatible; MSIE 7.0; Windows NT 6.0)" "-"
193.106.31.130 - - [27/Jan/2021:02:14:09 +0100] "POST /administrator/index.php 200 4481 "-" "Mozilla/4.0 (compatible; MSIE 7.0; Windows NT 6.0)" "-"
193.106.31.130 - - [27/Jan/2021:04:18:21 +0100] "POST /administrator/index.php 200 4481 "-" "Mozilla/4.0 (compatible; MSIE 7.0; Windows NT 6.0)" "-"
193.106.31.130 - - [27/Jan/2021:07:37:58 +0100] "POST /administrator/index.php 200 4481 "-" "Mozilla/4.0 (compatible; MSIE 7.0; Windows NT 6.0)" "-"
82.117.212.186 - - [27/Jan/2021:09:18:33 +0100] "GET /administrator/templates/khepri/css/login.css 200 1952 "http://almhuette-raith.at/administrator/" "Mozilla/5.0 (X11; Linux x86_64) AppleWebKit/537.36 (KHTML, like Gecko) Chrome/87.0.4280.66 Safari/537.36" "-"
193.106.31.130 - - [27/Jan/2021:10:55:11 +0100] "POST /administrator/index.php 200 4481 "-" "Mozilla/4.0 (compatible; MSIE 7.0; Windows NT 6.0)" "-"
193.106.31.130 - - [27/Jan/2021:10:55:20 +0100] "POST /administrator/index.php 200 4481 "-" "Mozilla/4.0 (compatible; MSIE 7.0; Windows NT 6.0)" "-"
193.106.31.130 - - [27/Jan/2021:14:12:12 +0100] "POST /administrator/index.php 200 4481 "-" "Mozilla/4.0 (compatible; MSIE 7.0; Windows NT 6.0)" "-"
193.106.31.130 - - [27/Jan/2021:14:12:39 +0100] "POST /administrator/index.php 200 4481 "-" "Mozilla/4.0 (compatible; MSIE 7.0; Windows NT 6.0)" "-"
193.106.31.130 - - [27/Jan/2021:14:12:45 +0100] "POST /administrator/index.php 200 4481 "-" "Mozilla/4.0 (compatible; MSIE 7.0; Windows NT 6.0)" "-"
187.107.26.43 - - [27/Jan/2021:14:53:12 +0100] "GET /administrator/templates/khepri/images/j_crn_br_light.png 200 253 "http://www.almhuette-raith.at/administrator/templates/khepri/css/rounded.css" "Mozilla/5.0 (X11; Linux x86_64; rv:68.0) Gecko/20100101 Firefox/68.0" "-"
193.221.116.99 - - [27/Jan/2021:14:59:49 +0100] "GET /templates/_system/css/general.css 404 239 "http://www.almhuette-raith.at/" "Mozilla/5.0 (X11; Ubuntu; Linux x86_64; rv:84.0) Gecko/20100101 Firefox/84.0" "-"
193.221.116.99 - - [27/Jan/2021:14:59:49 +0100] "GET /images/stories/slideshow/almhuette_raith_07.jpg 200 94861 "http://www.almhuette-raith.at/" "Mozilla/5.0 (X11; Ubuntu; Linux x86_64; rv:84.0) Gecko/20100101 Firefox/84.0" "-"
193.221.116.99 - - [27/Jan/2021:14:59:49 +0100] "GET /templates/_system/css/general.css 404 239 "http://www.almhuette-raith.at/" "Mozilla/5.0 (X11; Ubuntu; Linux x86_64; rv:84.0) Gecko/20100101 Firefox/84.0" "-"
37.165.54.159 - - [27/Jan/2021:15:16:28 +0100] "GET /favicon.ico 404 217 "http://www.almhuette-raith.at/apache-log/" "Mozilla/5.0 (X11; Ubuntu; Linux x86_64; rv:84.0) Gecko/20100101 Firefox/84.0" "-"
193.106.31.130 - - [27/Jan/2021:17:34:21 +0100] "POST /administrator/index.php 200 4481 "-" "Mozilla/4.0 (compatible; MSIE 7.0; Windows NT 6.0)" "-"
193.106.31.130 - - [27/Jan/2021:17:34:32 +0100] "POST /administrator/index.php 200 4481 "-" "Mozilla/4.0 (compatible; MSIE 7.0; Windows NT 6.0)" "-"
193.106.31.130 - - [27/Jan/2021:17:34:41 +0100] "POST /administrator/index.php 200 4481 "-" "Mozilla/4.0 (compatible; MSIE 7.0; Windows NT 6.0)" "-"
193.106.31.130 - - [27/Jan/2021:17:34:42 +0100] "POST /administrator/index.php 200 4481 "-" "Mozilla/4.0 (compatible; MSIE 7.0; Windows NT 6.0)" "-"
193.106.31.130 - - [27/Jan/2021:17:34:53 +0100] "POST /administrator/index.php 200 4481 "-" "Mozilla/4.0 (compatible; MSIE 7.0; Windows NT 6.0)" "-"
193.106.31.130 - - [27/Jan/2021:20:59:18 +0100] "POST /administrator/index.php 200 4481 "-" "Mozilla/4.0 (compatible; MSIE 7.0; Windows NT 6.0)" "-"
193.106.31.130 - - [27/Jan/2021:20:59:34 +0100] "POST /administrator/index.php 200 4481 "-" "Mozilla/4.0 (compatible; MSIE 7.0; Windows NT 6.0)" "-"
193.106.31.130 - - [27/Jan/2021:20:59:46 +0100] "POST /administrator/index.php 200 4481 "-" "Mozilla/4.0 (compatible; MSIE 7.0; Windows NT 6.0)" "-"
85.25.185.196 - - [27/Jan/2021:21:21:57 +0100] "GET /images/phocagallery/almhuette/thumbs/phoca_thumb_m_terasse.jpg 200 5126 "-" "Mozilla/5.0 (compatible; adscanner/)/1.0 (Mozilla/5.0 (compatible; seoscanners.net/1.0; +spider@seoscanners.net); http://seoscanners.net; spider@seoscanners.net)" "-"
178.197.226.142 - - [27/Jan/2021:21:47:48 +0100] "GET /images/stories/slideshow/almhuette_raith_05.jpg 200 77796 "http://www.almhuette-raith.at/" "Mozilla/5.0 (Macintosh; Intel Mac OS X 10_15_4) AppleWebKit/605.1.15 (KHTML, like Gecko) Version/13.1 Safari/605.1.15" "-"
85.25.185.196 - - [27/Jan/2021:22:04:29 +0100] "GET /images/phocagallery/thumbs/phoca_thumb_l_winterfoto%2013.jpg 200 62833 "-" "Mozilla/5.0 (compatible; adscanner/)/1.0 (Mozilla/5.0 (compatible; seoscanners.net/1.0; +spider@seoscanners.net); http://seoscanners.net; spider@seoscanners.net)" "-"
85.25.185.103 - - [27/Jan/2021:22:04:32 +0100] "GET /images/phocagallery/thumbs/phoca_thumb_m_winterfoto%2014.jpg 200 2018 "-" "Mozilla/5.0 (compatible; adscanner/)/1.0 (Mozilla/5.0 (compatible; seoscanners.net/1.0; +spider@seoscanners.net); http://seoscanners.net; spider@seoscanners.net)" "-"
85.25.177.139 - - [27/Jan/2021:22:04:33 +0100] "GET /images/phocagallery/thumbs/phoca_thumb_m_winterfoto%207.jpg 200 2896 "-" "Mozilla/5.0 (compatible; adscanner/)/1.0 (Mozilla/5.0 (compatible; seoscanners.net/1.0; +spider@seoscanners.net); http://seoscanners.net; spider@seoscanners.net)" "-"
42.236.10.75 - - [27/Jan/2021:22:52:21 +0100] "GET /images/stories/raith/wohnraum.jpg 200 43586 "http://almhuette-raith.at/" "Mozilla/5.0 (Linux; U; Android 8.1.0; zh-CN; EML-AL00 Build/HUAWEIEML-AL00) AppleWebKit/537.36 (KHTML, like Gecko) Version/4.0 Chrome/57.0.2987.108 baidu.sogo.uc.UCBrowser/11.9.4.974 UWS/2.13.1.48 Mobile Safari/537.36 AliApp(DingTalk/4.5.11) com.alibaba.android.rimet/10487439 Channel/227200 language/zh-CN" "-"
193.106.31.130 - - [28/Jan/2021:00:19:19 +0100] "POST /administrator/index.php 200 4481 "-" "Mozilla/4.0 (compatible; MSIE 7.0; Windows NT 6.0)" "-"
193.106.31.130 - - [28/Jan/2021:00:19:29 +0100] "POST /administrator/index.php 200 4481 "-" "Mozilla/4.0 (compatible; MSIE 7.0; Windows NT 6.0)" "-"
193.106.31.130 - - [28/Jan/2021:00:19:30 +0100] "POST /administrator/index.php 200 4481 "-" "Mozilla/4.0 (compatible; MSIE 7.0; Windows NT 6.0)" "-"
193.106.31.130 - - [28/Jan/2021:00:19:57 +0100] "POST /administrator/index.php 200 4481 "-" "Mozilla/4.0 (compatible; MSIE 7.0; Windows NT 6.0)" "-"
193.106.31.130 - - [28/Jan/2021:03:37:45 +0100] "POST /administrator/index.php 200 4481 "-" "Mozilla/4.0 (compatible; MSIE 7.0; Windows NT 6.0)" "-"
193.106.31.130 - - [28/Jan/2021:03:37:53 +0100] "POST /administrator/index.php 200 4481 "-" "Mozilla/4.0 (compatible; MSIE 7.0; Windows NT 6.0)" "-"
193.106.31.130 - - [28/Jan/2021:03:37:56 +0100] "POST /administrator/index.php 200 4481 "-" "Mozilla/4.0 (compatible; MSIE 7.0; Windows NT 6.0)" "-"
193.106.31.130 - - [28/Jan/2021:06:56:34 +0100] "POST /administrator/index.php 200 4481 "-" "Mozilla/4.0 (compatible; MSIE 7.0; Windows NT 6.0)" "-"
193.106.31.130 - - [28/Jan/2021:06:56:51 +0100] "POST /administrator/index.php 200 4481 "-" "Mozilla/4.0 (compatible; MSIE 7.0; Windows NT 6.0)" "-"
193.106.31.130 - - [28/Jan/2021:06:56:56 +0100] "POST /administrator/index.php 200 4481 "-" "Mozilla/4.0 (compatible; MSIE 7.0; Windows NT 6.0)" "-"
193.106.31.130 - - [28/Jan/2021:06:57:07 +0100] "POST /administrator/index.php 200 4481 "-" "Mozilla/4.0 (compatible; MSIE 7.0; Windows NT 6.0)" "-"
103.107.196.204 - - [28/Jan/2021:11:28:22 +0100] "POST /administrator/index.php 200 4481 "-" "Mozilla/5.0 (Windows NT 6.1) AppleWebKit/537.36 (KHTML, like Gecko) Chrome/45.0.2454.85 Safari/537.36 OPR/32.0.1948.45" "-"
78.83.149.63 - - [28/Jan/2021:12:28:00 +0100] "GET /images/stories/raith/steiermark_herz.png 200 39683 "http://www.almhuette-raith.at/" "Mozilla/5.0 (X11; Linux x86_64) AppleWebKit/537.36 (KHTML, like Gecko) Chrome/87.0.4280.88 Safari/537.36" "-"
103.124.108.85 - - [28/Jan/2021:12:33:40 +0100] "GET /favicon.ico 404 217 "http://www.almhuette-raith.at/apache-log/access.log" "Mozilla/5.0 (Windows NT 10.0; Win64; x64; rv:85.0) Gecko/20100101 Firefox/85.0" "-"
78.83.149.63 - - [28/Jan/2021:12:43:12 +0100] "GET /images/stories/slideshow/almhuette_raith_04.jpg 200 80637 "http://almhuette-raith.at/" "Mozilla/5.0 (X11; Linux x86_64) AppleWebKit/537.36 (KHTML, like Gecko) Chrome/87.0.4280.88 Safari/537.36" "-"
62.47.192.186 - - [28/Jan/2021:12:44:35 +0100] "GET /images/stories/raith/garage.jpg 200 57339 "http://www.almhuette-raith.at/" "Mozilla/5.0 (Windows NT 10.0; Win64; x64; rv:78.0) Gecko/20100101 Firefox/78.0" "-"
62.47.192.186 - - [28/Jan/2021:12:44:35 +0100] "GET /templates/jp_hotel/images/content_heading.gif 200 69 "http://www.almhuette-raith.at/templates/jp_hotel/css/template.css" "Mozilla/5.0 (Windows NT 10.0; Win64; x64; rv:78.0) Gecko/20100101 Firefox/78.0" "-"
78.83.149.63 - - [28/Jan/2021:12:55:11 +0100] "GET /administrator/templates/khepri/images/h_green/j_header_right.png 200 366 "http://www.almhuette-raith.at/administrator/templates/khepri/css/general.css" "Mozilla/5.0 (X11; Linux x86_64) AppleWebKit/537.36 (KHTML, like Gecko) Chrome/87.0.4280.88 Safari/537.36" "-"
193.106.31.130 - - [28/Jan/2021:13:35:23 +0100] "POST /administrator/index.php 200 4481 "-" "Mozilla/4.0 (compatible; MSIE 7.0; Windows NT 6.0)" "-"
193.106.31.130 - - [28/Jan/2021:13:35:26 +0100] "POST /administrator/index.php 200 4481 "-" "Mozilla/4.0 (compatible; MSIE 7.0; Windows NT 6.0)" "-"
193.106.31.130 - - [28/Jan/2021:13:35:29 +0100] "POST /administrator/index.php 200 4481 "-" "Mozilla/4.0 (compatible; MSIE 7.0; Windows NT 6.0)" "-"
193.106.31.130 - - [28/Jan/2021:16:54:01 +0100] "POST /administrator/index.php 200 4481 "-" "Mozilla/4.0 (compatible; MSIE 7.0; Windows NT 6.0)" "-"
193.106.31.130 - - [28/Jan/2021:16:54:07 +0100] "POST /administrator/index.php 200 4481 "-" "Mozilla/4.0 (compatible; MSIE 7.0; Windows NT 6.0)" "-"
193.106.31.130 - - [28/Jan/2021:16:54:10 +0100] "POST /administrator/index.php 200 4481 "-" "Mozilla/4.0 (compatible; MSIE 7.0; Windows NT 6.0)" "-"
193.106.31.130 - - [28/Jan/2021:16:54:11 +0100] "POST /administrator/index.php 200 4481 "-" "Mozilla/4.0 (compatible; MSIE 7.0; Windows NT 6.0)" "-"
193.106.31.130 - - [28/Jan/2021:20:16:27 +0100] "POST /administrator/index.php 200 4481 "-" "Mozilla/4.0 (compatible; MSIE 7.0; Windows NT 6.0)" "-"
193.106.31.130 - - [28/Jan/2021:20:16:40 +0100] "POST /administrator/index.php 200 4481 "-" "Mozilla/4.0 (compatible; MSIE 7.0; Windows NT 6.0)" "-"
193.106.31.130 - - [28/Jan/2021:20:16:57 +0100] "POST /administrator/index.php 200 4481 "-" "Mozilla/4.0 (compatible; MSIE 7.0; Windows NT 6.0)" "-"
84.114.216.220 - - [28/Jan/2021:22:26:37 +0100] "GET /templates/jp_hotel/images/module_heading.gif 200 83 "http://www.almhuette-raith.at/templates/jp_hotel/css/template.css" "Mozilla/5.0 (Windows NT 10.0; Win64; x64; rv:85.0) Gecko/20100101 Firefox/85.0" "-"
84.114.216.220 - - [28/Jan/2021:22:26:37 +0100] "GET /images/stories/raith/grillplatz.jpg 200 55303 "http://www.almhuette-raith.at/" "Mozilla/5.0 (Windows NT 10.0; Win64; x64; rv:85.0) Gecko/20100101 Firefox/85.0" "-"
84.114.216.220 - - [28/Jan/2021:22:26:37 +0100] "GET /images/stories/slideshow/almhuette_raith_05.jpg 200 77796 "http://www.almhuette-raith.at/" "Mozilla/5.0 (Windows NT 10.0; Win64; x64; rv:85.0) Gecko/20100101 Firefox/85.0" "-"
193.106.31.130 - - [28/Jan/2021:23:34:56 +0100] "POST /administrator/index.php 200 4481 "-" "Mozilla/4.0 (compatible; MSIE 7.0; Windows NT 6.0)" "-"
193.106.31.130 - - [28/Jan/2021:23:35:14 +0100] "POST /administrator/index.php 200 4481 "-" "Mozilla/4.0 (compatible; MSIE 7.0; Windows NT 6.0)" "-"
193.106.31.130 - - [28/Jan/2021:23:35:18 +0100] "POST /administrator/index.php 200 4481 "-" "Mozilla/4.0 (compatible; MSIE 7.0; Windows NT 6.0)" "-"
193.106.31.130 - - [29/Jan/2021:02:52:04 +0100] "POST /administrator/index.php 200 4481 "-" "Mozilla/4.0 (compatible; MSIE 7.0; Windows NT 6.0)" "-"
193.106.31.130 - - [29/Jan/2021:06:08:27 +0100] "POST /administrator/index.php 200 4481 "-" "Mozilla/4.0 (compatible; MSIE 7.0; Windows NT 6.0)" "-"
193.106.31.130 - - [29/Jan/2021:06:08:32 +0100] "POST /administrator/index.php 200 4481 "-" "Mozilla/4.0 (compatible; MSIE 7.0; Windows NT 6.0)" "-"
193.106.31.130 - - [29/Jan/2021:06:08:45 +0100] "POST /administrator/index.php 200 4481 "-" "Mozilla/4.0 (compatible; MSIE 7.0; Windows NT 6.0)" "-"
3.88.103.130 - - [29/Jan/2021:06:25:57 +0100] "GET /apache-log/access.log 206 65536 "-" "Slackbot-LinkExpanding 1.0 (+https://api.slack.com/robots)" "-"
103.70.196.205 - - [29/Jan/2021:08:30:17 +0100] "GET /apache-log/access.log 200 20702492 "-" "Mozilla/5.0 (Windows NT 10.0; Win64; x64) AppleWebKit/537.36 (KHTML, like Gecko) Chrome/88.0.4324.104 Safari/537.36" "-"
103.107.196.204 - - [29/Jan/2021:09:11:08 +0100] "POST /administrator/index.php 200 4481 "-" "Mozilla/5.0 (Windows NT 6.1) AppleWebKit/537.36 (KHTML, like Gecko) Chrome/45.0.2454.85 Safari/537.36 OPR/32.0.1948.45" "-"
205.169.39.84 - - [29/Jan/2021:09:17:47 +0100] "GET /administrator/templates/khepri/images/j_crn_bl_light.png 200 246 "http://almhuette-raith.at/administrator/templates/khepri/css/rounded.css" "Mozilla/5.0 (Windows NT 10.0; Win64; x64) AppleWebKit/537.36 (KHTML, like Gecko) Chrome/79.0.3945.79 Safari/537.36" "-"
193.106.31.130 - - [29/Jan/2021:09:26:46 +0100] "POST /administrator/index.php 200 4481 "-" "Mozilla/4.0 (compatible; MSIE 7.0; Windows NT 6.0)" "-"
193.106.31.130 - - [29/Jan/2021:09:27:08 +0100] "POST /administrator/index.php 200 4481 "-" "Mozilla/4.0 (compatible; MSIE 7.0; Windows NT 6.0)" "-"
143.224.187.249 - - [29/Jan/2021:11:46:18 +0100] "GET /templates/jp_hotel/images/logo.jpg 200 369 "http://www.almhuette-raith.at/" "Mozilla/5.0 (Windows NT 6.3; Win64; x64; rv:85.0) Gecko/20100101 Firefox/85.0" "-"
143.224.187.249 - - [29/Jan/2021:11:46:18 +0100] "GET /images/stories/raith/grillplatz.jpg 200 55303 "http://www.almhuette-raith.at/" "Mozilla/5.0 (Windows NT 6.3; Win64; x64; rv:85.0) Gecko/20100101 Firefox/85.0" "-"
193.106.31.130 - - [29/Jan/2021:12:46:39 +0100] "POST /administrator/index.php 200 4481 "-" "Mozilla/4.0 (compatible; MSIE 7.0; Windows NT 6.0)" "-"
193.106.31.130 - - [29/Jan/2021:12:46:40 +0100] "POST /administrator/index.php 200 4481 "-" "Mozilla/4.0 (compatible; MSIE 7.0; Windows NT 6.0)" "-"
193.106.31.130 - - [29/Jan/2021:12:47:00 +0100] "POST /administrator/index.php 200 4481 "-" "Mozilla/4.0 (compatible; MSIE 7.0; Windows NT 6.0)" "-"
195.88.86.9 - - [29/Jan/2021:15:37:05 +0100] "GET /administrator/index.php 200 4263 "-" "Mozilla/5.0 (Windows NT 6.1) AppleWebKit/537.36 (KHTML, like Gecko) Chrome/45.0.2454.85 Safari/537.36 OPR/32.0.1948.45" "-"
193.106.31.130 - - [29/Jan/2021:16:03:57 +0100] "POST /administrator/index.php 200 4481 "-" "Mozilla/4.0 (compatible; MSIE 7.0; Windows NT 6.0)" "-"
193.106.31.130 - - [29/Jan/2021:16:04:20 +0100] "POST /administrator/index.php 200 4481 "-" "Mozilla/4.0 (compatible; MSIE 7.0; Windows NT 6.0)" "-"
5.255.253.153 - - [29/Jan/2021:18:46:46 +0100] "GET /robots.txt 200 304 "-" "Mozilla/5.0 (compatible; YandexBot/3.0; +http://yandex.com/bots)" "-"
193.106.31.130 - - [29/Jan/2021:19:21:47 +0100] "POST /administrator/index.php 200 4481 "-" "Mozilla/4.0 (compatible; MSIE 7.0; Windows NT 6.0)" "-"
193.106.31.130 - - [29/Jan/2021:19:21:53 +0100] "POST /administrator/index.php 200 4481 "-" "Mozilla/4.0 (compatible; MSIE 7.0; Windows NT 6.0)" "-"
193.106.31.130 - - [29/Jan/2021:19:22:00 +0100] "POST /administrator/index.php 200 4481 "-" "Mozilla/4.0 (compatible; MSIE 7.0; Windows NT 6.0)" "-"
193.106.31.130 - - [29/Jan/2021:22:42:37 +0100] "POST /administrator/index.php 200 4481 "-" "Mozilla/4.0 (compatible; MSIE 7.0; Windows NT 6.0)" "-"
193.106.31.130 - - [29/Jan/2021:22:42:39 +0100] "POST /administrator/index.php 200 4481 "-" "Mozilla/4.0 (compatible; MSIE 7.0; Windows NT 6.0)" "-"
193.106.31.130 - - [29/Jan/2021:22:42:40 +0100] "POST /administrator/index.php 200 4481 "-" "Mozilla/4.0 (compatible; MSIE 7.0; Windows NT 6.0)" "-"
193.106.31.130 - - [29/Jan/2021:22:42:44 +0100] "POST /administrator/index.php 200 4481 "-" "Mozilla/4.0 (compatible; MSIE 7.0; Windows NT 6.0)" "-"
193.106.31.130 - - [29/Jan/2021:22:42:52 +0100] "POST /administrator/index.php 200 4481 "-" "Mozilla/4.0 (compatible; MSIE 7.0; Windows NT 6.0)" "-"
193.106.31.130 - - [29/Jan/2021:22:43:03 +0100] "POST /administrator/index.php 200 4481 "-" "Mozilla/4.0 (compatible; MSIE 7.0; Windows NT 6.0)" "-"
193.106.31.130 - - [30/Jan/2021:02:00:22 +0100] "POST /administrator/index.php 200 4481 "-" "Mozilla/4.0 (compatible; MSIE 7.0; Windows NT 6.0)" "-"
193.106.31.130 - - [30/Jan/2021:02:00:24 +0100] "POST /administrator/index.php 200 4481 "-" "Mozilla/4.0 (compatible; MSIE 7.0; Windows NT 6.0)" "-"
46.175.70.69 - - [30/Jan/2021:03:26:23 +0100] "GET /administrator/index.php 200 4263 "-" "Mozilla/5.0 (Windows NT 5.1; rv:29.0) Gecko/20100101 Firefox/29.0" "-"
84.16.235.129 - - [30/Jan/2021:04:06:23 +0100] "GET /administrator/index.php 200 4263 "-" "Mozilla/5.0 (Windows NT 6.1) AppleWebKit/537.36 (KHTML, like Gecko) Chrome/45.0.2454.85 Safari/537.36 OPR/32.0.1948.45" "-"
193.106.31.130 - - [30/Jan/2021:05:16:24 +0100] "POST /administrator/index.php 200 4481 "-" "Mozilla/4.0 (compatible; MSIE 7.0; Windows NT 6.0)" "-"
193.106.31.130 - - [30/Jan/2021:08:31:48 +0100] "POST /administrator/index.php 200 4481 "-" "Mozilla/4.0 (compatible; MSIE 7.0; Windows NT 6.0)" "-"
193.106.31.130 - - [30/Jan/2021:08:31:55 +0100] "POST /administrator/index.php 200 4481 "-" "Mozilla/4.0 (compatible; MSIE 7.0; Windows NT 6.0)" "-"
193.106.31.130 - - [30/Jan/2021:11:48:45 +0100] "POST /administrator/index.php 200 4481 "-" "Mozilla/4.0 (compatible; MSIE 7.0; Windows NT 6.0)" "-"
45.178.210.21 - - [30/Jan/2021:13:37:02 +0100] "GET /media/system/js/mootools.js 200 74434 "http://www.almhuette-raith.at/" "Mozilla/5.0 (X11; Linux x86_64) AppleWebKit/537.36 (KHTML, like Gecko) Chrome/83.0.4103.116 Safari/537.36" "-"
193.106.31.130 - - [30/Jan/2021:15:06:07 +0100] "POST /administrator/index.php 200 4481 "-" "Mozilla/4.0 (compatible; MSIE 7.0; Windows NT 6.0)" "-"
193.106.31.130 - - [30/Jan/2021:15:06:28 +0100] "POST /administrator/index.php 200 4481 "-" "Mozilla/4.0 (compatible; MSIE 7.0; Windows NT 6.0)" "-"
193.106.31.130 - - [30/Jan/2021:18:25:12 +0100] "POST /administrator/index.php 200 4481 "-" "Mozilla/4.0 (compatible; MSIE 7.0; Windows NT 6.0)" "-"
193.106.31.130 - - [30/Jan/2021:18:25:19 +0100] "POST /administrator/index.php 200 4481 "-" "Mozilla/4.0 (compatible; MSIE 7.0; Windows NT 6.0)" "-"
193.106.31.130 - - [30/Jan/2021:18:25:28 +0100] "POST /administrator/index.php 200 4481 "-" "Mozilla/4.0 (compatible; MSIE 7.0; Windows NT 6.0)" "-"
193.106.31.130 - - [30/Jan/2021:18:25:28 +0100] "POST /administrator/index.php 200 4481 "-" "Mozilla/4.0 (compatible; MSIE 7.0; Windows NT 6.0)" "-"
193.106.31.130 - - [30/Jan/2021:18:25:36 +0100] "POST /administrator/index.php 200 4481 "-" "Mozilla/4.0 (compatible; MSIE 7.0; Windows NT 6.0)" "-"
37.120.205.149 - - [30/Jan/2021:18:47:44 +0100] "POST /administrator/index.php 200 4498 "-" "Mozilla/4.0 (compatible; Win32; WinHttp.WinHttpRequest.5)" "-"
37.120.205.149 - - [30/Jan/2021:18:49:35 +0100] "POST /administrator/index.php 200 4498 "-" "Mozilla/4.0 (compatible; Win32; WinHttp.WinHttpRequest.5)" "-"
