193.106.31.130 - - [06/Jan/2021:06:41:28 +0100] "POST /administrator/index.php 200 4481 "-" "Mozilla/4.0 (compatible; MSIE 7.0; Windows NT 6.0)" "-"
193.106.31.130 - - [06/Jan/2021:10:13:06 +0100] "POST /administrator/index.php 200 4481 "-" "Mozilla/4.0 (compatible; MSIE 7.0; Windows NT 6.0)" "-"
193.106.31.130 - - [06/Jan/2021:10:13:10 +0100] "POST /administrator/index.php 200 4481 "-" "Mozilla/4.0 (compatible; MSIE 7.0; Windows NT 6.0)" "-"
193.106.31.130 - - [06/Jan/2021:10:13:23 +0100] "POST /administrator/index.php 200 4481 "-" "Mozilla/4.0 (compatible; MSIE 7.0; Windows NT 6.0)" "-"
47.242.170.47 - - [06/Jan/2021:13:22:32 +0100] "POST /administrator/index.php 200 4494 "http://almhuette-raith.at/administrator/index.php" "Mozilla/4.0 (compatible; MSIE 6.0; Windows NT 5.1; SV1; .NET CLR 1.1.4322)" "-"
193.106.31.130 - - [06/Jan/2021:14:16:24 +0100] "POST /administrator/index.php 200 4481 "-" "Mozilla/4.0 (compatible; MSIE 7.0; Windows NT 6.0)" "-"
193.106.31.130 - - [06/Jan/2021:14:16:50 +0100] "POST /administrator/index.php 200 4481 "-" "Mozilla/4.0 (compatible; MSIE 7.0; Windows NT 6.0)" "-"
178.32.217.133 - - [06/Jan/2021:15:33:34 +0100] "GET /administrator/index.php 200 4263 "-" "Mozilla/5.0 (Windows NT 6.1) AppleWebKit/537.36 (KHTML, like Gecko) Chrome/45.0.2454.85 Safari/537.36 OPR/32.0.1948.45" "-"
178.32.217.133 - - [06/Jan/2021:15:33:38 +0100] "GET /administrator/index.php 200 4263 "-" "Mozilla/5.0 (Windows NT 6.1) AppleWebKit/537.36 (KHTML, like Gecko) Chrome/45.0.2454.85 Safari/537.36 OPR/32.0.1948.45" "-"
178.32.217.133 - - [06/Jan/2021:15:34:08 +0100] "POST /administrator/index.php 200 4481 "-" "Mozilla/5.0 (Windows NT 6.1) AppleWebKit/537.36 (KHTML, like Gecko) Chrome/45.0.2454.85 Safari/537.36 OPR/32.0.1948.45" "-"
193.106.31.130 - - [06/Jan/2021:18:00:04 +0100] "POST /administrator/index.php 200 4481 "-" "Mozilla/4.0 (compatible; MSIE 7.0; Windows NT 6.0)" "-"
193.106.31.130 - - [06/Jan/2021:21:29:38 +0100] "POST /administrator/index.php 200 4481 "-" "Mozilla/4.0 (compatible; MSIE 7.0; Windows NT 6.0)" "-"
193.106.31.130 - - [06/Jan/2021:21:29:40 +0100] "POST /administrator/index.php 200 4481 "-" "Mozilla/4.0 (compatible; MSIE 7.0; Windows NT 6.0)" "-"
193.106.31.130 - - [07/Jan/2021:01:04:22 +0100] "POST /administrator/index.php 200 4481 "-" "Mozilla/4.0 (compatible; MSIE 7.0; Windows NT 6.0)" "-"
193.106.31.130 - - [07/Jan/2021:01:04:42 +0100] "POST /administrator/index.php 200 4481 "-" "Mozilla/4.0 (compatible; MSIE 7.0; Windows NT 6.0)" "-"
193.106.31.130 - - [07/Jan/2021:04:35:40 +0100] "POST /administrator/index.php 200 4481 "-" "Mozilla/4.0 (compatible; MSIE 7.0; Windows NT 6.0)" "-"
193.106.31.130 - - [07/Jan/2021:04:35:49 +0100] "POST /administrator/index.php 200 4481 "-" "Mozilla/4.0 (compatible; MSIE 7.0; Windows NT 6.0)" "-"
193.106.31.130 - - [07/Jan/2021:04:36:03 +0100] "POST /administrator/index.php 200 4481 "-" "Mozilla/4.0 (compatible; MSIE 7.0; Windows NT 6.0)" "-"
193.106.31.130 - - [07/Jan/2021:08:08:53 +0100] "POST /administrator/index.php 200 4481 "-" "Mozilla/4.0 (compatible; MSIE 7.0; Windows NT 6.0)" "-"
193.106.31.130 - - [07/Jan/2021:08:09:01 +0100] "POST /administrator/index.php 200 4481 "-" "Mozilla/4.0 (compatible; MSIE 7.0; Windows NT 6.0)" "-"
193.106.31.130 - - [07/Jan/2021:11:40:41 +0100] "POST /administrator/index.php 200 4481 "-" "Mozilla/4.0 (compatible; MSIE 7.0; Windows NT 6.0)" "-"
193.106.31.130 - - [07/Jan/2021:11:41:05 +0100] "POST /administrator/index.php 200 4481 "-" "Mozilla/4.0 (compatible; MSIE 7.0; Windows NT 6.0)" "-"
193.106.31.130 - - [07/Jan/2021:15:16:38 +0100] "POST /administrator/index.php 200 4481 "-" "Mozilla/4.0 (compatible; MSIE 7.0; Windows NT 6.0)" "-"
193.106.31.130 - - [07/Jan/2021:15:16:56 +0100] "POST /administrator/index.php 200 4481 "-" "Mozilla/4.0 (compatible; MSIE 7.0; Windows NT 6.0)" "-"
193.106.31.130 - - [07/Jan/2021:15:17:00 +0100] "POST /administrator/index.php 200 4481 "-" "Mozilla/4.0 (compatible; MSIE 7.0; Windows NT 6.0)" "-"
193.106.31.130 - - [07/Jan/2021:15:17:13 +0100] "POST /administrator/index.php 200 4481 "-" "Mozilla/4.0 (compatible; MSIE 7.0; Windows NT 6.0)" "-"
62.35.7.187 - - [07/Jan/2021:16:18:06 +0100] "GET /images/stories/raith/grillplatz.jpg 200 55303 "http://www.almhuette-raith.at/" "Mozilla/5.0 (Macintosh; Intel Mac OS X 10_15_6) AppleWebKit/605.1.15 (KHTML, like Gecko) Version/14.0.2 Safari/605.1.15" "-"
91.171.55.234 - - [07/Jan/2021:16:50:59 +0100] "GET /templates/jp_hotel/css/template.css 200 10004 "http://www.almhuette-raith.at/" "Mozilla/5.0 (Windows NT 10.0; Win64; x64) AppleWebKit/537.36 (KHTML, like Gecko) Chrome/87.0.4280.88 Safari/537.36" "-"
91.171.55.234 - - [07/Jan/2021:16:51:12 +0100] "GET /components/com_phocagallery/assets/js/shadowbox/src/skin/classic/skin.js 200 3495 "http://www.almhuette-raith.at/index.php?option=com_phocagallery&view=category&id=1&Itemid=53" "Mozilla/5.0 (Windows NT 10.0; Win64; x64) AppleWebKit/537.36 (KHTML, like Gecko) Chrome/87.0.4280.88 Safari/537.36" "-"
91.171.55.234 - - [07/Jan/2021:16:51:37 +0100] "GET /images/phocagallery/thumbs/phoca_thumb_m_winterfoto%2013.jpg 200 3984 "http://www.almhuette-raith.at/index.php?option=com_phocagallery&view=category&id=2:winterfotos&Itemid=53" "Mozilla/5.0 (Windows NT 10.0; Win64; x64) AppleWebKit/537.36 (KHTML, like Gecko) Chrome/87.0.4280.88 Safari/537.36" "-"
51.210.183.78 - - [07/Jan/2021:17:03:03 +0100] "GET /apache-log/access.log 200 13132436 "-" "curl/7.68.0" "-"
42.236.10.78 - - [07/Jan/2021:17:28:47 +0100] "GET /templates/jp_hotel/css/menu.css 200 1457 "http://almhuette-raith.at/" "Mozilla/5.0 (Linux; U; Android 8.1.0; zh-CN; EML-AL00 Build/HUAWEIEML-AL00) AppleWebKit/537.36 (KHTML, like Gecko) Version/4.0 Chrome/57.0.2987.108 baidu.sogo.uc.UCBrowser/11.9.4.974 UWS/2.13.1.48 Mobile Safari/537.36 AliApp(DingTalk/4.5.11) com.alibaba.android.rimet/10487439 Channel/227200 language/zh-CN" "-"
51.210.183.78 - - [07/Jan/2021:18:31:03 +0100] "GET /apache-log/access.log 200 13175303 "-" "curl/7.68.0" "-"
193.106.31.130 - - [07/Jan/2021:18:50:28 +0100] "POST /administrator/index.php 200 4481 "-" "Mozilla/4.0 (compatible; MSIE 7.0; Windows NT 6.0)" "-"
41.237.157.66 - - [07/Jan/2021:19:05:10 +0100] "GET /apache-log/access.log 200 13224041 "-" "python-requests/2.25.1" "-"
193.106.31.130 - - [07/Jan/2021:22:27:43 +0100] "POST /administrator/index.php 200 4481 "-" "Mozilla/4.0 (compatible; MSIE 7.0; Windows NT 6.0)" "-"
193.106.31.130 - - [07/Jan/2021:22:27:59 +0100] "POST /administrator/index.php 200 4481 "-" "Mozilla/4.0 (compatible; MSIE 7.0; Windows NT 6.0)" "-"
193.106.31.130 - - [07/Jan/2021:22:28:04 +0100] "POST /administrator/index.php 200 4481 "-" "Mozilla/4.0 (compatible; MSIE 7.0; Windows NT 6.0)" "-"
193.106.31.130 - - [07/Jan/2021:22:28:06 +0100] "POST /administrator/index.php 200 4481 "-" "Mozilla/4.0 (compatible; MSIE 7.0; Windows NT 6.0)" "-"
51.210.183.78 - - [07/Jan/2021:22:36:03 +0100] "GET /apache-log/access.log 200 13314010 "-" "curl/7.68.0" "-"
51.210.183.78 - - [07/Jan/2021:22:56:03 +0100] "GET /apache-log/access.log 200 13318506 "-" "curl/7.68.0" "-"
51.210.183.78 - - [07/Jan/2021:22:58:03 +0100] "GET /apache-log/access.log 200 13318746 "-" "curl/7.68.0" "-"
51.210.183.78 - - [07/Jan/2021:23:03:03 +0100] "GET /apache-log/access.log 200 13320348 "-" "curl/7.68.0" "-"
51.210.183.78 - - [07/Jan/2021:23:13:04 +0100] "GET /apache-log/access.log 200 13322112 "-" "curl/7.68.0" "-"
81.5.193.243 - - [08/Jan/2021:00:12:21 +0100] "GET /templates/jp_hotel/css/menu.css 200 1457 "http://www.almhuette-raith.at/" "Mozilla/5.0 (iPhone; CPU iPhone OS 14_1 like Mac OS X) AppleWebKit/605.1.15 (KHTML, like Gecko) Version/14.0 Mobile/15E148 Safari/604.1" "-"
154.236.95.78 - - [08/Jan/2021:00:49:42 +0100] "GET /apache-log/access.log 200 13366930 "-" "python-requests/2.25.1" "-"
51.210.183.78 - - [08/Jan/2021:01:00:04 +0100] "GET /apache-log/access.log 200 13369447 "-" "curl/7.68.0" "-"
51.210.183.78 - - [08/Jan/2021:01:09:04 +0100] "GET /apache-log/access.log 200 13371799 "-" "curl/7.68.0" "-"
51.210.183.78 - - [08/Jan/2021:01:21:04 +0100] "GET /apache-log/access.log 200 13373869 "-" "curl/7.68.0" "-"
156.196.194.205 - - [08/Jan/2021:01:23:41 +0100] "GET /apache-log/access.log 200 13374229 "-" "python-requests/2.25.1" "-"
51.210.183.78 - - [08/Jan/2021:02:07:03 +0100] "GET /apache-log/access.log 200 13382425 "-" "curl/7.68.0" "-"
193.106.31.130 - - [08/Jan/2021:02:23:59 +0100] "POST /administrator/index.php 200 4481 "-" "Mozilla/4.0 (compatible; MSIE 7.0; Windows NT 6.0)" "-"
51.210.183.78 - - [08/Jan/2021:03:36:03 +0100] "GET /apache-log/access.log 200 13433735 "-" "curl/7.68.0" "-"
51.210.183.78 - - [08/Jan/2021:03:46:03 +0100] "GET /apache-log/access.log 200 13434815 "-" "curl/7.68.0" "-"
23.108.31.122 - - [08/Jan/2021:04:16:37 +0100] "GET /apache-log/access.log 200 1111806 "https://pastelink.net/2hl53" "Mozilla/5.0 (Windows NT 10.0; Win64; x64) AppleWebKit/537.36 (KHTML, like Gecko) Chrome/83.0.4103.61 Safari/537.36/iYA9HebN-7" "-"
193.106.31.130 - - [08/Jan/2021:05:56:02 +0100] "POST /administrator/index.php 200 4481 "-" "Mozilla/4.0 (compatible; MSIE 7.0; Windows NT 6.0)" "-"
51.210.183.78 - - [08/Jan/2021:08:52:04 +0100] "GET /apache-log/access.log 200 13538448 "-" "curl/7.68.0" "-"
193.106.31.130 - - [08/Jan/2021:09:27:35 +0100] "POST /administrator/index.php 200 4481 "-" "Mozilla/4.0 (compatible; MSIE 7.0; Windows NT 6.0)" "-"
193.106.31.130 - - [08/Jan/2021:09:27:41 +0100] "POST /administrator/index.php 200 4481 "-" "Mozilla/4.0 (compatible; MSIE 7.0; Windows NT 6.0)" "-"
193.106.31.130 - - [08/Jan/2021:09:28:03 +0100] "POST /administrator/index.php 200 4481 "-" "Mozilla/4.0 (compatible; MSIE 7.0; Windows NT 6.0)" "-"
83.159.116.192 - - [08/Jan/2021:12:23:31 +0100] "GET /apache-log/access.log 200 1173488 "-" "Mozilla/5.0 (X11; Fedora; Linux x86_64; rv:76.0) Gecko/20100101 Firefox/76.0" "-"
81.5.193.243 - - [08/Jan/2021:12:52:17 +0100] "GET /templates/jp_hotel/images/content_heading.gif 200 69 "http://www.almhuette-raith.at/index.php?option=com_content&view=article&id=50&Itemid=56" "Mozilla/5.0 (iPhone; CPU iPhone OS 14_1 like Mac OS X) AppleWebKit/605.1.15 (KHTML, like Gecko) Version/14.0 Mobile/15E148 Safari/604.1" "-"
81.5.193.243 - - [08/Jan/2021:12:53:46 +0100] "GET /images/stories/raith/wohnraum.jpg 200 43586 "http://www.almhuette-raith.at/" "Mozilla/5.0 (iPhone; CPU iPhone OS 14_1 like Mac OS X) AppleWebKit/605.1.15 (KHTML, like Gecko) Version/14.0 Mobile/15E148 Safari/604.1" "-"
81.5.193.243 - - [08/Jan/2021:12:53:46 +0100] "GET /images/stories/raith/steiermark_herz.png 200 39683 "http://www.almhuette-raith.at/" "Mozilla/5.0 (iPhone; CPU iPhone OS 14_1 like Mac OS X) AppleWebKit/605.1.15 (KHTML, like Gecko) Version/14.0 Mobile/15E148 Safari/604.1" "-"
81.5.193.243 - - [08/Jan/2021:12:54:08 +0100] "GET /images/phocagallery/almhuette/thumbs/phoca_thumb_m_almhuette_raith_003.jpg 200 4758 "http://www.almhuette-raith.at/index.php?option=com_phocagallery&view=category&id=1&Itemid=53" "Mozilla/5.0 (iPhone; CPU iPhone OS 14_1 like Mac OS X) AppleWebKit/605.1.15 (KHTML, like Gecko) Version/14.0 Mobile/15E148 Safari/604.1" "-"
193.106.31.130 - - [08/Jan/2021:13:00:01 +0100] "POST /administrator/index.php 200 4481 "-" "Mozilla/4.0 (compatible; MSIE 7.0; Windows NT 6.0)" "-"
193.106.31.130 - - [08/Jan/2021:13:00:02 +0100] "POST /administrator/index.php 200 4481 "-" "Mozilla/4.0 (compatible; MSIE 7.0; Windows NT 6.0)" "-"
193.106.31.130 - - [08/Jan/2021:13:00:19 +0100] "POST /administrator/index.php 200 4481 "-" "Mozilla/4.0 (compatible; MSIE 7.0; Windows NT 6.0)" "-"
51.210.183.78 - - [08/Jan/2021:14:15:03 +0100] "GET /apache-log/access.log 200 13743930 "-" "curl/7.68.0" "-"
51.210.183.78 - - [08/Jan/2021:15:27:03 +0100] "GET /apache-log/access.log 200 13755862 "-" "curl/7.68.0" "-"
51.210.183.78 - - [08/Jan/2021:16:28:03 +0100] "GET /apache-log/access.log 200 13765999 "-" "curl/7.68.0" "-"
193.106.31.130 - - [08/Jan/2021:16:32:27 +0100] "POST /administrator/index.php 200 4481 "-" "Mozilla/4.0 (compatible; MSIE 7.0; Windows NT 6.0)" "-"
193.106.31.130 - - [08/Jan/2021:16:32:31 +0100] "POST /administrator/index.php 200 4481 "-" "Mozilla/4.0 (compatible; MSIE 7.0; Windows NT 6.0)" "-"
193.106.31.130 - - [08/Jan/2021:16:32:46 +0100] "POST /administrator/index.php 200 4481 "-" "Mozilla/4.0 (compatible; MSIE 7.0; Windows NT 6.0)" "-"
51.210.183.78 - - [08/Jan/2021:16:36:03 +0100] "GET /apache-log/access.log 200 13806867 "-" "curl/7.68.0" "-"
51.210.183.78 - - [08/Jan/2021:18:02:04 +0100] "GET /apache-log/access.log 200 13820036 "-" "curl/7.68.0" "-"
178.191.193.166 - - [08/Jan/2021:19:23:22 +0100] "GET /images/phocagallery/almhuette/thumbs/phoca_thumb_m_terasse.jpg 200 5126 "http://www.almhuette-raith.at/index.php?option=com_phocagallery&view=category&id=1&Itemid=53" "Mozilla/5.0 (Linux; Android 10; Mi 9T Pro) AppleWebKit/537.36 (KHTML, like Gecko) Chrome/87.0.4280.141 Mobile Safari/537.36" "-"
51.210.183.78 - - [08/Jan/2021:19:26:03 +0100] "GET /apache-log/access.log 200 13877091 "-" "curl/7.68.0" "-"
193.106.31.130 - - [08/Jan/2021:20:06:37 +0100] "POST /administrator/index.php 200 4481 "-" "Mozilla/4.0 (compatible; MSIE 7.0; Windows NT 6.0)" "-"
193.106.31.130 - - [08/Jan/2021:20:06:43 +0100] "POST /administrator/index.php 200 4481 "-" "Mozilla/4.0 (compatible; MSIE 7.0; Windows NT 6.0)" "-"
193.106.31.130 - - [08/Jan/2021:20:06:50 +0100] "POST /administrator/index.php 200 4481 "-" "Mozilla/4.0 (compatible; MSIE 7.0; Windows NT 6.0)" "-"
193.106.31.130 - - [08/Jan/2021:20:06:54 +0100] "POST /administrator/index.php 200 4481 "-" "Mozilla/4.0 (compatible; MSIE 7.0; Windows NT 6.0)" "-"
193.106.31.130 - - [08/Jan/2021:20:06:54 +0100] "POST /administrator/index.php 200 4481 "-" "Mozilla/4.0 (compatible; MSIE 7.0; Windows NT 6.0)" "-"
51.210.183.78 - - [08/Jan/2021:22:36:04 +0100] "GET /apache-log/access.log 200 13956961 "-" "curl/7.68.0" "-"
193.106.31.130 - - [08/Jan/2021:23:39:10 +0100] "POST /administrator/index.php 200 4481 "-" "Mozilla/4.0 (compatible; MSIE 7.0; Windows NT 6.0)" "-"
193.106.31.130 - - [08/Jan/2021:23:39:19 +0100] "POST /administrator/index.php 200 4481 "-" "Mozilla/4.0 (compatible; MSIE 7.0; Windows NT 6.0)" "-"
51.210.183.78 - - [08/Jan/2021:23:42:05 +0100] "GET /apache-log/access.log 200 14006226 "-" "curl/7.68.0" "-"
51.210.183.78 - - [09/Jan/2021:00:17:04 +0100] "GET /apache-log/access.log 200 14010954 "-" "curl/7.68.0" "-"
51.210.183.78 - - [09/Jan/2021:00:43:04 +0100] "GET /apache-log/access.log 200 14016790 "-" "curl/7.68.0" "-"
51.210.183.78 - - [09/Jan/2021:02:13:04 +0100] "GET /apache-log/access.log 200 14034343 "-" "curl/7.68.0" "-"
184.178.172.25 - - [09/Jan/2021:02:48:26 +0100] "GET /apache-log/access.log 200 1001960 "https://utah.instructure.com/eportfolios/48668/Home/Diflucan_internet" "Mozilla/5.0 (Windows NT 10.0; Win64; x64) AppleWebKit/537.36 (KHTML, like Gecko) Chrome/83.0.4093.3 Safari/537.36" "-"
193.106.31.130 - - [09/Jan/2021:03:11:09 +0100] "POST /administrator/index.php 200 4481 "-" "Mozilla/4.0 (compatible; MSIE 7.0; Windows NT 6.0)" "-"
170.231.130.39 - - [09/Jan/2021:04:34:37 +0100] "GET /x.php 404 211 "-" "-" "-"
51.210.183.78 - - [09/Jan/2021:04:36:04 +0100] "GET /apache-log/access.log 200 14095072 "-" "curl/7.68.0" "-"
51.210.183.78 - - [09/Jan/2021:06:01:04 +0100] "GET /apache-log/access.log 200 14109914 "-" "curl/7.68.0" "-"
193.106.31.130 - - [09/Jan/2021:06:42:59 +0100] "POST /administrator/index.php 200 4481 "-" "Mozilla/4.0 (compatible; MSIE 7.0; Windows NT 6.0)" "-"
193.106.31.130 - - [09/Jan/2021:06:43:16 +0100] "POST /administrator/index.php 200 4481 "-" "Mozilla/4.0 (compatible; MSIE 7.0; Windows NT 6.0)" "-"
23.100.232.233 - - [09/Jan/2021:08:31:48 +0100] "GET /templates/jp_hotel/css/layout.css 200 1801 "http://www.almhuette-raith.at/" "Mozilla/5.0 (compatible; MSIE 9.0; Windows NT 6.1; Trident/5.0;  Trident/5.0)" "-"
51.210.183.78 - - [09/Jan/2021:09:40:04 +0100] "GET /apache-log/access.log 200 14190562 "-" "curl/7.68.0" "-"
193.106.31.130 - - [09/Jan/2021:10:15:18 +0100] "POST /administrator/index.php 200 4481 "-" "Mozilla/4.0 (compatible; MSIE 7.0; Windows NT 6.0)" "-"
193.106.31.130 - - [09/Jan/2021:10:15:46 +0100] "POST /administrator/index.php 200 4481 "-" "Mozilla/4.0 (compatible; MSIE 7.0; Windows NT 6.0)" "-"
51.210.183.78 - - [09/Jan/2021:11:14:04 +0100] "GET /apache-log/access.log 200 14244153 "-" "curl/7.68.0" "-"
51.210.183.78 - - [09/Jan/2021:12:08:04 +0100] "GET /apache-log/access.log 200 14256057 "-" "curl/7.68.0" "-"
193.106.31.130 - - [09/Jan/2021:13:47:23 +0100] "POST /administrator/index.php 200 4481 "-" "Mozilla/4.0 (compatible; MSIE 7.0; Windows NT 6.0)" "-"
193.106.31.130 - - [09/Jan/2021:13:47:23 +0100] "POST /administrator/index.php 200 4481 "-" "Mozilla/4.0 (compatible; MSIE 7.0; Windows NT 6.0)" "-"
193.106.31.130 - - [09/Jan/2021:13:47:35 +0100] "POST /administrator/index.php 200 4481 "-" "Mozilla/4.0 (compatible; MSIE 7.0; Windows NT 6.0)" "-"
193.106.31.130 - - [09/Jan/2021:13:47:35 +0100] "POST /administrator/index.php 200 4481 "-" "Mozilla/4.0 (compatible; MSIE 7.0; Windows NT 6.0)" "-"
193.106.31.130 - - [09/Jan/2021:13:47:36 +0100] "POST /administrator/index.php 200 4481 "-" "Mozilla/4.0 (compatible; MSIE 7.0; Windows NT 6.0)" "-"
156.209.86.29 - - [09/Jan/2021:16:56:07 +0100] "GET /apache-log/access.log 200 14358489 "-" "python-requests/2.25.1" "-"
156.209.86.29 - - [09/Jan/2021:16:57:38 +0100] "GET /apache-log/access.log 200 14358620 "-" "python-requests/2.25.1" "-"
193.106.31.130 - - [09/Jan/2021:17:20:30 +0100] "POST /administrator/index.php 200 4481 "-" "Mozilla/4.0 (compatible; MSIE 7.0; Windows NT 6.0)" "-"
193.106.31.130 - - [09/Jan/2021:20:56:06 +0100] "POST /administrator/index.php 200 4481 "-" "Mozilla/4.0 (compatible; MSIE 7.0; Windows NT 6.0)" "-"
193.106.31.130 - - [10/Jan/2021:00:27:30 +0100] "POST /administrator/index.php 200 4481 "-" "Mozilla/4.0 (compatible; MSIE 7.0; Windows NT 6.0)" "-"
193.106.31.130 - - [10/Jan/2021:03:58:44 +0100] "POST /administrator/index.php 200 4481 "-" "Mozilla/4.0 (compatible; MSIE 7.0; Windows NT 6.0)" "-"
193.106.31.130 - - [10/Jan/2021:07:31:55 +0100] "POST /administrator/index.php 200 4481 "-" "Mozilla/4.0 (compatible; MSIE 7.0; Windows NT 6.0)" "-"
193.106.31.130 - - [10/Jan/2021:11:04:44 +0100] "POST /administrator/index.php 200 4481 "-" "Mozilla/4.0 (compatible; MSIE 7.0; Windows NT 6.0)" "-"
193.106.31.130 - - [10/Jan/2021:11:04:57 +0100] "POST /administrator/index.php 200 4481 "-" "Mozilla/4.0 (compatible; MSIE 7.0; Windows NT 6.0)" "-"
193.106.31.130 - - [10/Jan/2021:11:05:00 +0100] "POST /administrator/index.php 200 4481 "-" "Mozilla/4.0 (compatible; MSIE 7.0; Windows NT 6.0)" "-"
193.106.31.130 - - [10/Jan/2021:14:37:58 +0100] "POST /administrator/index.php 200 4481 "-" "Mozilla/4.0 (compatible; MSIE 7.0; Windows NT 6.0)" "-"
193.106.31.130 - - [10/Jan/2021:14:38:02 +0100] "POST /administrator/index.php 200 4481 "-" "Mozilla/4.0 (compatible; MSIE 7.0; Windows NT 6.0)" "-"
154.237.132.98 - - [10/Jan/2021:16:20:44 +0100] "GET /images/stories/slideshow/almhuette_raith_06.jpg 200 68977 "http://www.almhuette-raith.at/" "Mozilla/5.0 (Windows NT 10.0; Win64; x64) AppleWebKit/537.36 (KHTML, like Gecko) Chrome/87.0.4280.88 Safari/537.36" "-"
156.209.63.112 - - [10/Jan/2021:17:51:13 +0100] "GET /apache-log/access.log 200 14713713 "-" "python-requests/2.25.1" "-"
156.209.63.112 - - [10/Jan/2021:17:51:14 +0100] "GET /apache-log/access.log 200 314364 "-" "Python-urllib/3.9" "-"
193.106.31.130 - - [10/Jan/2021:18:09:51 +0100] "POST /administrator/index.php 200 4481 "-" "Mozilla/4.0 (compatible; MSIE 7.0; Windows NT 6.0)" "-"
193.106.31.130 - - [10/Jan/2021:18:10:00 +0100] "POST /administrator/index.php 200 4481 "-" "Mozilla/4.0 (compatible; MSIE 7.0; Windows NT 6.0)" "-"
193.106.31.130 - - [10/Jan/2021:18:10:02 +0100] "POST /administrator/index.php 200 4481 "-" "Mozilla/4.0 (compatible; MSIE 7.0; Windows NT 6.0)" "-"
193.106.31.130 - - [10/Jan/2021:18:10:18 +0100] "POST /administrator/index.php 200 4481 "-" "Mozilla/4.0 (compatible; MSIE 7.0; Windows NT 6.0)" "-"
193.106.31.130 - - [10/Jan/2021:18:10:25 +0100] "POST /administrator/index.php 200 4481 "-" "Mozilla/4.0 (compatible; MSIE 7.0; Windows NT 6.0)" "-"
156.209.63.112 - - [10/Jan/2021:18:59:24 +0100] "GET /apache-log/access.log 200 14767726 "-" "python-requests/2.25.1" "-"
193.106.31.130 - - [10/Jan/2021:21:44:09 +0100] "POST /administrator/index.php 200 4481 "-" "Mozilla/4.0 (compatible; MSIE 7.0; Windows NT 6.0)" "-"
193.106.31.130 - - [10/Jan/2021:21:44:20 +0100] "POST /administrator/index.php 200 4481 "-" "Mozilla/4.0 (compatible; MSIE 7.0; Windows NT 6.0)" "-"
193.106.31.130 - - [10/Jan/2021:21:44:31 +0100] "POST /administrator/index.php 200 4481 "-" "Mozilla/4.0 (compatible; MSIE 7.0; Windows NT 6.0)" "-"
193.106.31.130 - - [10/Jan/2021:21:44:38 +0100] "POST /administrator/index.php 200 4481 "-" "Mozilla/4.0 (compatible; MSIE 7.0; Windows NT 6.0)" "-"
193.106.31.130 - - [10/Jan/2021:21:44:44 +0100] "POST /administrator/index.php 200 4481 "-" "Mozilla/4.0 (compatible; MSIE 7.0; Windows NT 6.0)" "-"
193.106.31.130 - - [10/Jan/2021:21:44:47 +0100] "POST /administrator/index.php 200 4481 "-" "Mozilla/4.0 (compatible; MSIE 7.0; Windows NT 6.0)" "-"
193.106.31.130 - - [11/Jan/2021:00:36:09 +0100] "POST /administrator/index.php 200 4481 "-" "Mozilla/4.0 (compatible; MSIE 7.0; Windows NT 6.0)" "-"
193.106.31.130 - - [11/Jan/2021:04:41:09 +0100] "POST /administrator/index.php 200 4481 "-" "Mozilla/4.0 (compatible; MSIE 7.0; Windows NT 6.0)" "-"
193.106.31.130 - - [11/Jan/2021:04:41:24 +0100] "POST /administrator/index.php 200 4481 "-" "Mozilla/4.0 (compatible; MSIE 7.0; Windows NT 6.0)" "-"
193.106.31.130 - - [11/Jan/2021:04:41:30 +0100] "POST /administrator/index.php 200 4481 "-" "Mozilla/4.0 (compatible; MSIE 7.0; Windows NT 6.0)" "-"
193.106.31.130 - - [11/Jan/2021:04:41:35 +0100] "POST /administrator/index.php 200 4481 "-" "Mozilla/4.0 (compatible; MSIE 7.0; Windows NT 6.0)" "-"
193.106.31.130 - - [11/Jan/2021:04:41:36 +0100] "POST /administrator/index.php 200 4481 "-" "Mozilla/4.0 (compatible; MSIE 7.0; Windows NT 6.0)" "-"
45.15.143.155 - - [11/Jan/2021:07:51:02 +0100] "GET /administrator/index.php 200 4263 "-" "python-requests/2.25.0" "-"
192.36.248.249 - - [11/Jan/2021:08:00:40 +0100] "GET /robots.txt 200 304 "-" "Go-http-client/1.1" "-"
193.106.31.130 - - [11/Jan/2021:08:15:12 +0100] "POST /administrator/index.php 200 4481 "-" "Mozilla/4.0 (compatible; MSIE 7.0; Windows NT 6.0)" "-"
45.15.143.155 - - [11/Jan/2021:08:22:42 +0100] "GET /administrator/index.php 200 4445 "-" "Mozilla/5.0 (X11; Ubuntu; Linux i686; rv:28.0) Gecko/20100101 Firefox/28.0" "-"
45.15.143.155 - - [11/Jan/2021:08:25:42 +0100] "POST /administrator/index.php 303 5 "-" "Mozilla/5.0 (X11; Ubuntu; Linux i686; rv:28.0) Gecko/20100101 Firefox/28.0" "-"
45.15.143.155 - - [11/Jan/2021:08:55:32 +0100] "GET /administrator/index.php 200 4445 "-" "Mozilla/5.0 (X11; Ubuntu; Linux i686; rv:28.0) Gecko/20100101 Firefox/28.0" "-"
45.15.143.155 - - [11/Jan/2021:10:16:21 +0100] "GET /administrator/index.php 200 4263 "-" "python-requests/2.25.0" "-"
45.15.143.155 - - [11/Jan/2021:11:17:23 +0100] "POST /administrator/index.php 303 5 "-" "Mozilla/5.0 (X11; Ubuntu; Linux i686; rv:28.0) Gecko/20100101 Firefox/28.0" "-"
193.106.31.130 - - [11/Jan/2021:11:50:17 +0100] "POST /administrator/index.php 200 4481 "-" "Mozilla/4.0 (compatible; MSIE 7.0; Windows NT 6.0)" "-"
193.106.31.130 - - [11/Jan/2021:11:50:33 +0100] "POST /administrator/index.php 200 4481 "-" "Mozilla/4.0 (compatible; MSIE 7.0; Windows NT 6.0)" "-"
45.15.143.155 - - [11/Jan/2021:11:51:18 +0100] "POST /administrator/index.php 303 5 "-" "Mozilla/5.0 (X11; Ubuntu; Linux i686; rv:28.0) Gecko/20100101 Firefox/28.0" "-"
45.15.143.155 - - [11/Jan/2021:12:03:32 +0100] "GET /administrator/index.php 200 4263 "-" "python-requests/2.25.0" "-"
45.15.143.155 - - [11/Jan/2021:12:07:55 +0100] "GET /administrator/index.php 200 4263 "-" "python-requests/2.25.0" "-"
45.15.143.155 - - [11/Jan/2021:12:17:41 +0100] "GET /administrator/index.php 200 4445 "-" "Mozilla/5.0 (X11; Ubuntu; Linux i686; rv:28.0) Gecko/20100101 Firefox/28.0" "-"
49.37.170.149 - - [11/Jan/2021:13:52:14 +0100] "GET /apache-log/access.log 200 15211140 "-" "curl/7.64.1" "-"
45.15.143.155 - - [11/Jan/2021:13:56:02 +0100] "POST /administrator/index.php 303 5 "-" "Mozilla/5.0 (X11; Ubuntu; Linux i686; rv:28.0) Gecko/20100101 Firefox/28.0" "-"
88.104.219.245 - - [11/Jan/2021:14:10:41 +0100] "GET /favicon.ico 404 217 "http://www.almhuette-raith.at/apache-log/access.log" "Mozilla/5.0 (Windows NT 10.0; Win64; x64) AppleWebKit/537.36 (KHTML, like Gecko) Chrome/87.0.4280.88 Safari/537.36" "-"
45.15.143.155 - - [11/Jan/2021:14:13:19 +0100] "GET /administrator/index.php 200 4445 "-" "Mozilla/5.0 (X11; Ubuntu; Linux i686; rv:28.0) Gecko/20100101 Firefox/28.0" "-"
45.15.143.155 - - [11/Jan/2021:14:19:56 +0100] "GET /administrator/index.php 200 4445 "-" "Mozilla/5.0 (X11; Ubuntu; Linux i686; rv:28.0) Gecko/20100101 Firefox/28.0" "-"
45.15.143.155 - - [11/Jan/2021:14:43:56 +0100] "GET /administrator/index.php 200 4263 "-" "python-requests/2.25.0" "-"
45.15.143.155 - - [11/Jan/2021:15:04:22 +0100] "GET /administrator/index.php 200 4445 "-" "Mozilla/5.0 (X11; Ubuntu; Linux i686; rv:28.0) Gecko/20100101 Firefox/28.0" "-"
45.15.143.155 - - [11/Jan/2021:15:11:44 +0100] "GET /administrator/index.php 200 4445 "-" "Mozilla/5.0 (X11; Ubuntu; Linux i686; rv:28.0) Gecko/20100101 Firefox/28.0" "-"
193.106.31.130 - - [11/Jan/2021:15:24:52 +0100] "POST /administrator/index.php 200 4481 "-" "Mozilla/4.0 (compatible; MSIE 7.0; Windows NT 6.0)" "-"
193.106.31.130 - - [11/Jan/2021:15:25:20 +0100] "POST /administrator/index.php 200 4481 "-" "Mozilla/4.0 (compatible; MSIE 7.0; Windows NT 6.0)" "-"
45.15.143.155 - - [11/Jan/2021:15:34:06 +0100] "GET /administrator/index.php 200 4445 "-" "Mozilla/5.0 (X11; Ubuntu; Linux i686; rv:28.0) Gecko/20100101 Firefox/28.0" "-"
45.15.143.155 - - [11/Jan/2021:15:35:23 +0100] "POST /administrator/index.php 303 5 "-" "Mozilla/5.0 (X11; Ubuntu; Linux i686; rv:28.0) Gecko/20100101 Firefox/28.0" "-"
45.15.143.155 - - [11/Jan/2021:16:08:55 +0100] "GET /administrator/index.php 200 4263 "-" "python-requests/2.25.0" "-"
193.106.31.130 - - [11/Jan/2021:18:57:51 +0100] "POST /administrator/index.php 200 4481 "-" "Mozilla/4.0 (compatible; MSIE 7.0; Windows NT 6.0)" "-"
37.46.150.129 - - [11/Jan/2021:22:01:07 +0100] "GET /administrator/index.php 200 4445 "-" "Mozilla/5.0 (X11; Ubuntu; Linux i686; rv:28.0) Gecko/20100101 Firefox/28.0" "-"
37.46.150.129 - - [11/Jan/2021:22:02:15 +0100] "POST /administrator/index.php 303 5 "-" "Mozilla/5.0 (X11; Ubuntu; Linux i686; rv:28.0) Gecko/20100101 Firefox/28.0" "-"
37.46.150.129 - - [11/Jan/2021:22:16:40 +0100] "POST /administrator/index.php 303 5 "-" "Mozilla/5.0 (X11; Ubuntu; Linux i686; rv:28.0) Gecko/20100101 Firefox/28.0" "-"
193.106.31.130 - - [11/Jan/2021:22:34:59 +0100] "POST /administrator/index.php 200 4481 "-" "Mozilla/4.0 (compatible; MSIE 7.0; Windows NT 6.0)" "-"
193.106.31.130 - - [11/Jan/2021:22:35:03 +0100] "POST /administrator/index.php 200 4481 "-" "Mozilla/4.0 (compatible; MSIE 7.0; Windows NT 6.0)" "-"
193.106.31.130 - - [11/Jan/2021:22:35:17 +0100] "POST /administrator/index.php 200 4481 "-" "Mozilla/4.0 (compatible; MSIE 7.0; Windows NT 6.0)" "-"
193.106.31.130 - - [12/Jan/2021:02:06:30 +0100] "POST /administrator/index.php 200 4481 "-" "Mozilla/4.0 (compatible; MSIE 7.0; Windows NT 6.0)" "-"
193.106.31.130 - - [12/Jan/2021:02:06:33 +0100] "POST /administrator/index.php 200 4481 "-" "Mozilla/4.0 (compatible; MSIE 7.0; Windows NT 6.0)" "-"
193.106.31.130 - - [12/Jan/2021:05:39:40 +0100] "POST /administrator/index.php 200 4481 "-" "Mozilla/4.0 (compatible; MSIE 7.0; Windows NT 6.0)" "-"
193.106.31.130 - - [12/Jan/2021:05:39:40 +0100] "POST /administrator/index.php 200 4481 "-" "Mozilla/4.0 (compatible; MSIE 7.0; Windows NT 6.0)" "-"
193.106.31.130 - - [12/Jan/2021:05:39:47 +0100] "POST /administrator/index.php 200 4481 "-" "Mozilla/4.0 (compatible; MSIE 7.0; Windows NT 6.0)" "-"
193.106.31.130 - - [12/Jan/2021:05:39:57 +0100] "POST /administrator/index.php 200 4481 "-" "Mozilla/4.0 (compatible; MSIE 7.0; Windows NT 6.0)" "-"
193.106.31.130 - - [12/Jan/2021:09:13:53 +0100] "POST /administrator/index.php 200 4481 "-" "Mozilla/4.0 (compatible; MSIE 7.0; Windows NT 6.0)" "-"
193.106.31.130 - - [12/Jan/2021:09:14:13 +0100] "POST /administrator/index.php 200 4481 "-" "Mozilla/4.0 (compatible; MSIE 7.0; Windows NT 6.0)" "-"
193.106.31.130 - - [12/Jan/2021:09:14:17 +0100] "POST /administrator/index.php 200 4481 "-" "Mozilla/4.0 (compatible; MSIE 7.0; Windows NT 6.0)" "-"
213.162.73.223 - - [12/Jan/2021:09:32:25 +0100] "GET /components/com_phocagallery/assets/phocagallery.css 200 15063 "http://almhuette-raith.at/index.php?option=com_phocagallery&view=category&id=1&Itemid=53" "Mozilla/5.0 (iPhone; CPU iPhone OS 14_2 like Mac OS X) AppleWebKit/605.1.15 (KHTML, like Gecko) Version/14.0.1 Mobile/15E148 Safari/604.1" "-"
193.106.31.130 - - [12/Jan/2021:12:50:05 +0100] "POST /administrator/index.php 200 4481 "-" "Mozilla/4.0 (compatible; MSIE 7.0; Windows NT 6.0)" "-"
193.106.31.130 - - [12/Jan/2021:12:50:17 +0100] "POST /administrator/index.php 200 4481 "-" "Mozilla/4.0 (compatible; MSIE 7.0; Windows NT 6.0)" "-"
193.106.31.130 - - [12/Jan/2021:12:50:20 +0100] "POST /administrator/index.php 200 4481 "-" "Mozilla/4.0 (compatible; MSIE 7.0; Windows NT 6.0)" "-"
193.106.31.130 - - [12/Jan/2021:12:50:32 +0100] "POST /administrator/index.php 200 4481 "-" "Mozilla/4.0 (compatible; MSIE 7.0; Windows NT 6.0)" "-"
193.106.31.130 - - [12/Jan/2021:12:50:40 +0100] "POST /administrator/index.php 200 4481 "-" "Mozilla/4.0 (compatible; MSIE 7.0; Windows NT 6.0)" "-"
190.155.2.122 - - [12/Jan/2021:15:44:14 +0100] "GET /templates/jp_hotel/css/menu.css 200 1457 "http://www.almhuette-raith.at/" "Mozilla/5.0 (Windows NT 6.3; Win64; x64) AppleWebKit/537.36 (KHTML, like Gecko) Chrome/87.0.4280.141 Safari/537.36 Edg/87.0.664.75" "-"
193.106.31.130 - - [12/Jan/2021:16:39:20 +0100] "POST /administrator/index.php 200 4481 "-" "Mozilla/4.0 (compatible; MSIE 7.0; Windows NT 6.0)" "-"
193.106.31.130 - - [12/Jan/2021:16:39:22 +0100] "POST /administrator/index.php 200 4481 "-" "Mozilla/4.0 (compatible; MSIE 7.0; Windows NT 6.0)" "-"
193.106.31.130 - - [12/Jan/2021:16:39:46 +0100] "POST /administrator/index.php 200 4481 "-" "Mozilla/4.0 (compatible; MSIE 7.0; Windows NT 6.0)" "-"
193.106.31.130 - - [12/Jan/2021:16:39:50 +0100] "POST /administrator/index.php 200 4481 "-" "Mozilla/4.0 (compatible; MSIE 7.0; Windows NT 6.0)" "-"
193.106.31.130 - - [12/Jan/2021:16:39:53 +0100] "POST /administrator/index.php 200 4481 "-" "Mozilla/4.0 (compatible; MSIE 7.0; Windows NT 6.0)" "-"
193.106.31.130 - - [12/Jan/2021:16:39:55 +0100] "POST /administrator/index.php 200 4481 "-" "Mozilla/4.0 (compatible; MSIE 7.0; Windows NT 6.0)" "-"
188.22.217.101 - - [12/Jan/2021:18:46:39 +0100] "GET /images/phocagallery/almhuette/thumbs/phoca_thumb_m_zimmer.jpg 200 4320 "http://www.almhuette-raith.at/index.php?option=com_phocagallery&view=category&id=1&Itemid=53" "Mozilla/5.0 (Windows NT 10.0; Win64; x64; rv:84.0) Gecko/20100101 Firefox/84.0" "-"
188.22.217.101 - - [12/Jan/2021:18:47:41 +0100] "GET /images/phocagallery/Ferienwohnung_2/thumbs/phoca_thumb_m_2_wohnkche.jpg 200 3141 "http://www.almhuette-raith.at/index.php?option=com_phocagallery&view=category&id=4:ferienwohnung2&Itemid=53" "Mozilla/5.0 (Windows NT 10.0; Win64; x64; rv:84.0) Gecko/20100101 Firefox/84.0" "-"
193.106.31.130 - - [12/Jan/2021:20:58:59 +0100] "POST /administrator/index.php 200 4481 "-" "Mozilla/4.0 (compatible; MSIE 7.0; Windows NT 6.0)" "-"
193.106.31.130 - - [12/Jan/2021:20:59:23 +0100] "POST /administrator/index.php 200 4481 "-" "Mozilla/4.0 (compatible; MSIE 7.0; Windows NT 6.0)" "-"
193.106.31.130 - - [12/Jan/2021:20:59:28 +0100] "POST /administrator/index.php 200 4481 "-" "Mozilla/4.0 (compatible; MSIE 7.0; Windows NT 6.0)" "-"
193.106.31.130 - - [13/Jan/2021:00:39:29 +0100] "POST /administrator/index.php 200 4481 "-" "Mozilla/4.0 (compatible; MSIE 7.0; Windows NT 6.0)" "-"
193.106.31.130 - - [13/Jan/2021:04:15:56 +0100] "POST /administrator/index.php 200 4481 "-" "Mozilla/4.0 (compatible; MSIE 7.0; Windows NT 6.0)" "-"
193.106.31.130 - - [13/Jan/2021:07:53:08 +0100] "POST /administrator/index.php 200 4481 "-" "Mozilla/4.0 (compatible; MSIE 7.0; Windows NT 6.0)" "-"
193.106.31.130 - - [13/Jan/2021:07:53:33 +0100] "POST /administrator/index.php 200 4481 "-" "Mozilla/4.0 (compatible; MSIE 7.0; Windows NT 6.0)" "-"
193.106.31.130 - - [13/Jan/2021:11:31:52 +0100] "POST /administrator/index.php 200 4481 "-" "Mozilla/4.0 (compatible; MSIE 7.0; Windows NT 6.0)" "-"
193.106.31.130 - - [13/Jan/2021:15:05:58 +0100] "POST /administrator/index.php 200 4481 "-" "Mozilla/4.0 (compatible; MSIE 7.0; Windows NT 6.0)" "-"
193.106.31.130 - - [13/Jan/2021:15:06:11 +0100] "POST /administrator/index.php 200 4481 "-" "Mozilla/4.0 (compatible; MSIE 7.0; Windows NT 6.0)" "-"
193.106.31.130 - - [13/Jan/2021:15:06:24 +0100] "POST /administrator/index.php 200 4481 "-" "Mozilla/4.0 (compatible; MSIE 7.0; Windows NT 6.0)" "-"
90.119.57.168 - - [13/Jan/2021:15:39:56 +0100] "GET /images/stories/raith/almhuette_raith.jpg 200 43300 "http://almhuette-raith.at/" "Mozilla/5.0 (X11; Ubuntu; Linux x86_64; rv:73.0) Gecko/20100101 Firefox/73.0" "-"
109.18.8.109 - - [13/Jan/2021:15:44:36 +0100] "GET /templates/jp_hotel/css/suckerfish.css 200 3465 "http://almhuette-raith.at/" "Mozilla/5.0 (Windows NT 10.0; Win64; x64) AppleWebKit/537.36 (KHTML, like Gecko) Chrome/87.0.4280.141 Safari/537.36" "-"
93.28.143.153 - - [13/Jan/2021:16:11:06 +0100] "GET /administrator/templates/khepri/images/h_green/j_header_left.png 200 5148 "http://www.almhuette-raith.at/administrator/templates/khepri/css/general.css" "Mozilla/5.0 (X11; Ubuntu; Linux x86_64; rv:73.0) Gecko/20100101 Firefox/73.0" "-"
66.249.81.152 - - [13/Jan/2021:16:37:49 +0100] "GET /modules/mod_bowslideshow/tmpl/js/sliderman.1.3.0.js 200 33472 "http://almhuette-raith.at/" "Mozilla/5.0 (Macintosh; Intel Mac OS X 10_14_6) AppleWebKit/537.36 (KHTML, like Gecko) Chrome/84.0.4143.7 Safari/537.36 Chrome-Lighthouse" "-"
193.106.31.130 - - [13/Jan/2021:18:40:41 +0100] "POST /administrator/index.php 200 4481 "-" "Mozilla/4.0 (compatible; MSIE 7.0; Windows NT 6.0)" "-"
193.106.31.130 - - [13/Jan/2021:18:40:44 +0100] "POST /administrator/index.php 200 4481 "-" "Mozilla/4.0 (compatible; MSIE 7.0; Windows NT 6.0)" "-"
193.106.31.130 - - [13/Jan/2021:18:40:50 +0100] "POST /administrator/index.php 200 4481 "-" "Mozilla/4.0 (compatible; MSIE 7.0; Windows NT 6.0)" "-"
193.106.31.130 - - [13/Jan/2021:18:41:05 +0100] "POST /administrator/index.php 200 4481 "-" "Mozilla/4.0 (compatible; MSIE 7.0; Windows NT 6.0)" "-"
193.106.31.130 - - [13/Jan/2021:18:41:08 +0100] "POST /administrator/index.php 200 4481 "-" "Mozilla/4.0 (compatible; MSIE 7.0; Windows NT 6.0)" "-"
193.106.31.130 - - [13/Jan/2021:23:13:18 +0100] "POST /administrator/index.php 200 4481 "-" "Mozilla/4.0 (compatible; MSIE 7.0; Windows NT 6.0)" "-"
193.106.31.130 - - [13/Jan/2021:23:13:26 +0100] "POST /administrator/index.php 200 4481 "-" "Mozilla/4.0 (compatible; MSIE 7.0; Windows NT 6.0)" "-"
193.106.31.130 - - [13/Jan/2021:23:13:50 +0100] "POST /administrator/index.php 200 4481 "-" "Mozilla/4.0 (compatible; MSIE 7.0; Windows NT 6.0)" "-"
193.106.31.130 - - [14/Jan/2021:06:21:38 +0100] "POST /administrator/index.php 200 4481 "-" "Mozilla/4.0 (compatible; MSIE 7.0; Windows NT 6.0)" "-"
193.106.31.130 - - [14/Jan/2021:06:21:42 +0100] "POST /administrator/index.php 200 4481 "-" "Mozilla/4.0 (compatible; MSIE 7.0; Windows NT 6.0)" "-"
193.106.31.130 - - [14/Jan/2021:06:21:49 +0100] "POST /administrator/index.php 200 4481 "-" "Mozilla/4.0 (compatible; MSIE 7.0; Windows NT 6.0)" "-"
193.106.31.130 - - [14/Jan/2021:12:30:42 +0100] "POST /administrator/index.php 200 4481 "-" "Mozilla/4.0 (compatible; MSIE 7.0; Windows NT 6.0)" "-"
193.164.15.130 - - [14/Jan/2021:15:09:43 +0100] "GET /modules/mod_bowslideshow/tmpl/images/image_shadow.png 200 5017 "http://www.almhuette-raith.at/modules/mod_bowslideshow/tmpl/css/bowslideshow.css" "Mozilla/5.0 (Windows NT 10.0; Win64; x64) AppleWebKit/537.36 (KHTML, like Gecko) Chrome/87.0.4280.141 Safari/537.36 Edg/87.0.664.75" "-"
193.106.31.130 - - [14/Jan/2021:19:41:44 +0100] "POST /administrator/index.php 200 4481 "-" "Mozilla/4.0 (compatible; MSIE 7.0; Windows NT 6.0)" "-"
193.106.31.130 - - [14/Jan/2021:19:41:45 +0100] "POST /administrator/index.php 200 4481 "-" "Mozilla/4.0 (compatible; MSIE 7.0; Windows NT 6.0)" "-"
193.106.31.130 - - [14/Jan/2021:19:42:11 +0100] "POST /administrator/index.php 200 4481 "-" "Mozilla/4.0 (compatible; MSIE 7.0; Windows NT 6.0)" "-"
193.106.31.130 - - [14/Jan/2021:23:19:38 +0100] "POST /administrator/index.php 200 4481 "-" "Mozilla/4.0 (compatible; MSIE 7.0; Windows NT 6.0)" "-"
193.106.31.130 - - [14/Jan/2021:23:19:54 +0100] "POST /administrator/index.php 200 4481 "-" "Mozilla/4.0 (compatible; MSIE 7.0; Windows NT 6.0)" "-"
193.106.31.130 - - [14/Jan/2021:23:20:00 +0100] "POST /administrator/index.php 200 4481 "-" "Mozilla/4.0 (compatible; MSIE 7.0; Windows NT 6.0)" "-"
193.106.31.130 - - [14/Jan/2021:23:20:08 +0100] "POST /administrator/index.php 200 4481 "-" "Mozilla/4.0 (compatible; MSIE 7.0; Windows NT 6.0)" "-"
23.100.232.233 - - [15/Jan/2021:01:30:51 +0100] "GET /templates/jp_hotel/css/menu.css 200 1457 "http://www.almhuette-raith.at/" "Mozilla/5.0 (compatible; MSIE 9.0; Windows NT 6.1; Trident/5.0;  Trident/5.0)" "-"
193.106.31.130 - - [15/Jan/2021:02:52:44 +0100] "POST /administrator/index.php 200 4481 "-" "Mozilla/4.0 (compatible; MSIE 7.0; Windows NT 6.0)" "-"
193.106.31.130 - - [15/Jan/2021:02:53:09 +0100] "POST /administrator/index.php 200 4481 "-" "Mozilla/4.0 (compatible; MSIE 7.0; Windows NT 6.0)" "-"
193.106.31.130 - - [15/Jan/2021:02:53:15 +0100] "POST /administrator/index.php 200 4481 "-" "Mozilla/4.0 (compatible; MSIE 7.0; Windows NT 6.0)" "-"
193.106.31.130 - - [15/Jan/2021:06:29:09 +0100] "POST /administrator/index.php 200 4481 "-" "Mozilla/4.0 (compatible; MSIE 7.0; Windows NT 6.0)" "-"
193.106.31.130 - - [15/Jan/2021:06:29:11 +0100] "POST /administrator/index.php 200 4481 "-" "Mozilla/4.0 (compatible; MSIE 7.0; Windows NT 6.0)" "-"
193.106.31.130 - - [15/Jan/2021:06:29:19 +0100] "POST /administrator/index.php 200 4481 "-" "Mozilla/4.0 (compatible; MSIE 7.0; Windows NT 6.0)" "-"
193.106.31.130 - - [15/Jan/2021:06:29:24 +0100] "POST /administrator/index.php 200 4481 "-" "Mozilla/4.0 (compatible; MSIE 7.0; Windows NT 6.0)" "-"
193.106.31.130 - - [15/Jan/2021:06:29:28 +0100] "POST /administrator/index.php 200 4481 "-" "Mozilla/4.0 (compatible; MSIE 7.0; Windows NT 6.0)" "-"
193.106.31.130 - - [15/Jan/2021:10:01:49 +0100] "POST /administrator/index.php 200 4481 "-" "Mozilla/4.0 (compatible; MSIE 7.0; Windows NT 6.0)" "-"
193.106.31.130 - - [15/Jan/2021:10:02:06 +0100] "POST /administrator/index.php 200 4481 "-" "Mozilla/4.0 (compatible; MSIE 7.0; Windows NT 6.0)" "-"
193.106.31.130 - - [15/Jan/2021:10:02:16 +0100] "POST /administrator/index.php 200 4481 "-" "Mozilla/4.0 (compatible; MSIE 7.0; Windows NT 6.0)" "-"
193.106.31.130 - - [15/Jan/2021:13:35:02 +0100] "POST /administrator/index.php 200 4481 "-" "Mozilla/4.0 (compatible; MSIE 7.0; Windows NT 6.0)" "-"
77.204.197.239 - - [15/Jan/2021:13:46:10 +0100] "GET /images/stories/raith/wohnraum.jpg 200 43586 "http://www.almhuette-raith.at/" "Mozilla/5.0 (Windows NT 10.0; Win64; x64) AppleWebKit/537.36 (KHTML, like Gecko) Chrome/87.0.4280.141 Safari/537.36" "-"
140.122.127.190 - - [15/Jan/2021:14:26:48 +0100] "GET /apache-log/error.log&amp;sa=U&amp;ved=2ahUKEwjuuNiKgJ7uAhUCCqYKHTxzAcc4MhAWMBd6BAhHEAE&amp;usg=AOvVaw17EjasFpXX2TKlJ4FUOEvI/magmi/conf/magmi.ini 404 362 "-" "Mozilla/5.0 (Windows; U; Windows NT 5.1; en-US; rv:1.9.2) Gecko/20100115 Firefox/3.6" "-"
193.106.31.130 - - [15/Jan/2021:17:09:21 +0100] "POST /administrator/index.php 200 4481 "-" "Mozilla/4.0 (compatible; MSIE 7.0; Windows NT 6.0)" "-"
193.106.31.130 - - [15/Jan/2021:17:09:25 +0100] "POST /administrator/index.php 200 4481 "-" "Mozilla/4.0 (compatible; MSIE 7.0; Windows NT 6.0)" "-"
193.106.31.130 - - [15/Jan/2021:17:09:32 +0100] "POST /administrator/index.php 200 4481 "-" "Mozilla/4.0 (compatible; MSIE 7.0; Windows NT 6.0)" "-"
193.106.31.130 - - [15/Jan/2021:20:50:41 +0100] "POST /administrator/index.php 200 4481 "-" "Mozilla/4.0 (compatible; MSIE 7.0; Windows NT 6.0)" "-"
193.106.31.130 - - [16/Jan/2021:00:29:12 +0100] "POST /administrator/index.php 200 4481 "-" "Mozilla/4.0 (compatible; MSIE 7.0; Windows NT 6.0)" "-"
193.106.31.130 - - [16/Jan/2021:04:01:18 +0100] "POST /administrator/index.php 200 4481 "-" "Mozilla/4.0 (compatible; MSIE 7.0; Windows NT 6.0)" "-"
193.106.31.130 - - [16/Jan/2021:04:01:22 +0100] "POST /administrator/index.php 200 4481 "-" "Mozilla/4.0 (compatible; MSIE 7.0; Windows NT 6.0)" "-"
193.106.31.130 - - [16/Jan/2021:07:34:40 +0100] "POST /administrator/index.php 200 4481 "-" "Mozilla/4.0 (compatible; MSIE 7.0; Windows NT 6.0)" "-"
193.106.31.130 - - [16/Jan/2021:07:35:00 +0100] "POST /administrator/index.php 200 4481 "-" "Mozilla/4.0 (compatible; MSIE 7.0; Windows NT 6.0)" "-"
193.106.31.130 - - [16/Jan/2021:07:35:15 +0100] "POST /administrator/index.php 200 4481 "-" "Mozilla/4.0 (compatible; MSIE 7.0; Windows NT 6.0)" "-"
46.32.86.171 - - [16/Jan/2021:10:28:38 +0100] "GET /templates/jp_hotel/css/template.css 200 10004 "http://www.almhuette-raith.at/" "Mozilla/5.0 (Windows NT 10.0; Win64; x64) AppleWebKit/537.36 (KHTML, like Gecko) Chrome/87.0.4280.88 Safari/537.36" "-"
46.32.86.171 - - [16/Jan/2021:10:28:38 +0100] "GET /images/stories/raith/garage.jpg 200 57339 "http://www.almhuette-raith.at/" "Mozilla/5.0 (Windows NT 10.0; Win64; x64) AppleWebKit/537.36 (KHTML, like Gecko) Chrome/87.0.4280.88 Safari/537.36" "-"
193.106.31.130 - - [16/Jan/2021:11:07:25 +0100] "POST /administrator/index.php 200 4481 "-" "Mozilla/4.0 (compatible; MSIE 7.0; Windows NT 6.0)" "-"
54.212.74.242 - - [16/Jan/2021:11:26:37 +0100] "GET /favicon.ico 404 217 "-" "Mozilla/5.0 (iPhone; CPU iPhone OS 10_0 like Mac OS X) AppleWebKit/602.1.38 (KHTML, like Gecko) Version/10.0 Mobile/14A5297c Safari/602.1" "-"
193.106.31.130 - - [16/Jan/2021:14:39:27 +0100] "POST /administrator/index.php 200 4481 "-" "Mozilla/4.0 (compatible; MSIE 7.0; Windows NT 6.0)" "-"
193.106.31.130 - - [16/Jan/2021:14:39:29 +0100] "POST /administrator/index.php 200 4481 "-" "Mozilla/4.0 (compatible; MSIE 7.0; Windows NT 6.0)" "-"
193.106.31.130 - - [16/Jan/2021:14:39:30 +0100] "POST /administrator/index.php 200 4481 "-" "Mozilla/4.0 (compatible; MSIE 7.0; Windows NT 6.0)" "-"
193.106.31.130 - - [16/Jan/2021:14:39:42 +0100] "POST /administrator/index.php 200 4481 "-" "Mozilla/4.0 (compatible; MSIE 7.0; Windows NT 6.0)" "-"
193.106.31.130 - - [16/Jan/2021:14:39:57 +0100] "POST /administrator/index.php 200 4481 "-" "Mozilla/4.0 (compatible; MSIE 7.0; Windows NT 6.0)" "-"
193.106.31.130 - - [16/Jan/2021:18:14:33 +0100] "POST /administrator/index.php 200 4481 "-" "Mozilla/4.0 (compatible; MSIE 7.0; Windows NT 6.0)" "-"
193.106.31.130 - - [16/Jan/2021:18:14:37 +0100] "POST /administrator/index.php 200 4481 "-" "Mozilla/4.0 (compatible; MSIE 7.0; Windows NT 6.0)" "-"
213.162.73.191 - - [16/Jan/2021:18:45:30 +0100] "GET /templates/_system/css/general.css 404 239 "http://www.almhuette-raith.at/" "Mozilla/5.0 (Macintosh; Intel Mac OS X 10_15_6) AppleWebKit/605.1.15 (KHTML, like Gecko) Version/14.0.1 Safari/605.1.15" "-"
193.106.31.130 - - [17/Jan/2021:01:25:37 +0100] "POST /administrator/index.php 200 4481 "-" "Mozilla/4.0 (compatible; MSIE 7.0; Windows NT 6.0)" "-"
193.106.31.130 - - [17/Jan/2021:01:25:43 +0100] "POST /administrator/index.php 200 4481 "-" "Mozilla/4.0 (compatible; MSIE 7.0; Windows NT 6.0)" "-"
193.106.31.130 - - [17/Jan/2021:04:58:29 +0100] "POST /administrator/index.php 200 4481 "-" "Mozilla/4.0 (compatible; MSIE 7.0; Windows NT 6.0)" "-"
193.106.31.130 - - [17/Jan/2021:04:58:30 +0100] "POST /administrator/index.php 200 4481 "-" "Mozilla/4.0 (compatible; MSIE 7.0; Windows NT 6.0)" "-"
193.106.31.130 - - [17/Jan/2021:04:58:31 +0100] "POST /administrator/index.php 200 4481 "-" "Mozilla/4.0 (compatible; MSIE 7.0; Windows NT 6.0)" "-"
54.36.149.102 - - [17/Jan/2021:05:22:08 +0100] "GET /robots.txt 200 304 "-" "Mozilla/5.0 (compatible; AhrefsBot/7.0; +http://ahrefs.com/robot/)" "-"
193.106.31.130 - - [17/Jan/2021:08:32:50 +0100] "POST /administrator/index.php 200 4481 "-" "Mozilla/4.0 (compatible; MSIE 7.0; Windows NT 6.0)" "-"
193.106.31.130 - - [17/Jan/2021:08:32:53 +0100] "POST /administrator/index.php 200 4481 "-" "Mozilla/4.0 (compatible; MSIE 7.0; Windows NT 6.0)" "-"
193.106.31.130 - - [17/Jan/2021:08:32:53 +0100] "POST /administrator/index.php 200 4481 "-" "Mozilla/4.0 (compatible; MSIE 7.0; Windows NT 6.0)" "-"
193.106.31.130 - - [17/Jan/2021:08:33:00 +0100] "POST /administrator/index.php 200 4481 "-" "Mozilla/4.0 (compatible; MSIE 7.0; Windows NT 6.0)" "-"
193.106.31.130 - - [17/Jan/2021:08:33:09 +0100] "POST /administrator/index.php 200 4481 "-" "Mozilla/4.0 (compatible; MSIE 7.0; Windows NT 6.0)" "-"
213.225.3.231 - - [17/Jan/2021:12:08:33 +0100] "GET /images/stories/raith/oststeiermark.png 200 65225 "http://www.almhuette-raith.at/" "Mozilla/5.0 (Linux; Android 8.0.0; ANE-LX1) AppleWebKit/537.36 (KHTML, like Gecko) Chrome/87.0.4280.141 Mobile Safari/537.36" "-"
193.106.31.130 - - [17/Jan/2021:12:10:42 +0100] "POST /administrator/index.php 200 4481 "-" "Mozilla/4.0 (compatible; MSIE 7.0; Windows NT 6.0)" "-"
89.144.203.222 - - [17/Jan/2021:14:40:13 +0100] "GET /images/phocagallery/almhuette/thumbs/phoca_thumb_m_almhuette_raith_010.jpg 200 3830 "http://www.almhuette-raith.at/index.php?option=com_phocagallery&view=category&id=1&Itemid=53" "Mozilla/5.0 (Linux; Android 9; MAR-LX1A) AppleWebKit/537.36 (KHTML, like Gecko) Chrome/86.0.4240.110 Mobile Safari/537.36" "-"
193.106.31.130 - - [17/Jan/2021:15:52:11 +0100] "POST /administrator/index.php 200 4481 "-" "Mozilla/4.0 (compatible; MSIE 7.0; Windows NT 6.0)" "-"
193.106.31.130 - - [17/Jan/2021:15:52:14 +0100] "POST /administrator/index.php 200 4481 "-" "Mozilla/4.0 (compatible; MSIE 7.0; Windows NT 6.0)" "-"
193.106.31.130 - - [17/Jan/2021:15:52:23 +0100] "POST /administrator/index.php 200 4481 "-" "Mozilla/4.0 (compatible; MSIE 7.0; Windows NT 6.0)" "-"
193.106.31.130 - - [17/Jan/2021:15:52:38 +0100] "POST /administrator/index.php 200 4481 "-" "Mozilla/4.0 (compatible; MSIE 7.0; Windows NT 6.0)" "-"
213.162.73.226 - - [17/Jan/2021:18:45:18 +0100] "GET /templates/jp_hotel/images/content_heading.gif 200 69 "http://www.almhuette-raith.at/templates/jp_hotel/css/template.css" "Mozilla/5.0 (Linux; Android 10; SAMSUNG SM-P615) AppleWebKit/537.36 (KHTML, like Gecko) SamsungBrowser/13.0 Chrome/83.0.4103.106 Safari/537.36" "-"
213.162.73.226 - - [17/Jan/2021:18:47:39 +0100] "GET /templates/_system/css/general.css 404 239 "http://www.almhuette-raith.at/index.php?option=com_content&view=article&id=49&Itemid=55" "Mozilla/5.0 (Linux; Android 10; SAMSUNG SM-P615) AppleWebKit/537.36 (KHTML, like Gecko) SamsungBrowser/13.0 Chrome/83.0.4103.106 Safari/537.36" "-"
193.106.31.130 - - [17/Jan/2021:19:33:37 +0100] "POST /administrator/index.php 200 4481 "-" "Mozilla/4.0 (compatible; MSIE 7.0; Windows NT 6.0)" "-"
193.106.31.130 - - [17/Jan/2021:19:33:53 +0100] "POST /administrator/index.php 200 4481 "-" "Mozilla/4.0 (compatible; MSIE 7.0; Windows NT 6.0)" "-"
43.248.20.111 - - [17/Jan/2021:23:00:57 +0100] "GET /wp-login.php 404 218 "-" "Apache-HttpClient/4.5.2 (Java/1.8.0_161)" "-"
193.106.31.130 - - [17/Jan/2021:23:12:28 +0100] "POST /administrator/index.php 200 4481 "-" "Mozilla/4.0 (compatible; MSIE 7.0; Windows NT 6.0)" "-"
193.106.31.130 - - [17/Jan/2021:23:12:56 +0100] "POST /administrator/index.php 200 4481 "-" "Mozilla/4.0 (compatible; MSIE 7.0; Windows NT 6.0)" "-"
193.106.31.130 - - [18/Jan/2021:02:43:35 +0100] "POST /administrator/index.php 200 4481 "-" "Mozilla/4.0 (compatible; MSIE 7.0; Windows NT 6.0)" "-"
193.106.31.130 - - [18/Jan/2021:02:43:38 +0100] "POST /administrator/index.php 200 4481 "-" "Mozilla/4.0 (compatible; MSIE 7.0; Windows NT 6.0)" "-"
193.106.31.130 - - [18/Jan/2021:02:43:47 +0100] "POST /administrator/index.php 200 4481 "-" "Mozilla/4.0 (compatible; MSIE 7.0; Windows NT 6.0)" "-"
193.106.31.130 - - [18/Jan/2021:02:43:51 +0100] "POST /administrator/index.php 200 4481 "-" "Mozilla/4.0 (compatible; MSIE 7.0; Windows NT 6.0)" "-"
193.106.31.130 - - [18/Jan/2021:02:43:51 +0100] "POST /administrator/index.php 200 4481 "-" "Mozilla/4.0 (compatible; MSIE 7.0; Windows NT 6.0)" "-"
193.106.31.130 - - [18/Jan/2021:02:44:03 +0100] "POST /administrator/index.php 200 4481 "-" "Mozilla/4.0 (compatible; MSIE 7.0; Windows NT 6.0)" "-"
164.78.248.244 - - [18/Jan/2021:02:47:56 +0100] "GET /images/stories/raith/oststeiermark.png 200 65225 "http://www.almhuette-raith.at/" "Mozilla/5.0 (X11; Linux x86_64; rv:78.0) Gecko/20100101 Firefox/78.0" "-"
45.89.174.72 - - [18/Jan/2021:03:17:23 +0100] "POST /administrator/index.php 200 4481 "-" "Mozilla/5.0 (Windows NT 6.1) AppleWebKit/537.36 (KHTML, like Gecko) Chrome/45.0.2454.85 Safari/537.36 OPR/32.0.1948.45" "-"
193.106.31.130 - - [18/Jan/2021:06:19:22 +0100] "POST /administrator/index.php 200 4481 "-" "Mozilla/4.0 (compatible; MSIE 7.0; Windows NT 6.0)" "-"
193.106.31.130 - - [18/Jan/2021:06:19:31 +0100] "POST /administrator/index.php 200 4481 "-" "Mozilla/4.0 (compatible; MSIE 7.0; Windows NT 6.0)" "-"
46.61.152.191 - - [18/Jan/2021:07:26:09 +0100] "GET /apache-log/access.log 200 18282582 "-" "Mozilla/5.0 (Windows NT 6.1; Win64; x64) AppleWebKit/537.36 (KHTML, like Gecko) Chrome/87.0.4280.141 Safari/537.36" "-"
